--- Job dijkstra3.gms Start 05/14/25 21:36:35 49.1.0 5c4d4ed6 WEX-WEI x86 64bit/MS Windows
--- Applying:
    C:\GAMS\49\gmsprmNT.txt
    C:\Users\erwin\Documents\GAMS\gamsconfig.yaml
--- GAMS Parameters defined
    MIP CPLEX
    Input C:\projects\OptimizationModels\Dijkstra\dijkstra3.gms
    PageWidth 130
    PageSize 0
    ScrDir C:\projects\OptimizationModels\Dijkstra\225a\
    SysDir C:\GAMS\49\
    LogOption 3
    ErrMsg 1
    ErrorLog 99
    IDE 1
    LstTitleLeftAligned 1
Licensee: Eval License                                   S241129|0002CO-GEN
          Amsterdam Optimization Modeling Group,                     DCE378
          C:\Users\erwin\Documents\GAMS\gamslice.txt
          License Admin: Erwin Kalvelagen, info@amsterdamoptimization.com  
          Evaluation license: Not for commercial or production use
          The expiration date of time-limited license is Dec 24, 2025
System information: 8 physical cores and 64 Gb memory detected
GAMS 49.1.0   Copyright (C) 1987-2025 GAMS Development. All rights reserved
--- Starting compilation
--- dijkstra3.gms(451) 3 Mb
--- $echo File C:\projects\OptimizationModels\Dijkstra\network.html
--- dijkstra3.gms(544) 3 Mb
--- Starting execution: elapsed 0:00:00.005
--- dijkstra3.gms(178) 6 Mb
--- Initialize embedded library embpycclib64.dll
--- Execute embedded library embpycclib64.dll
i=['node1', 'node2', 'node3', 'node4', 'node5', 'node6', 'node7', 'node8', 'node9', 'node10', 'node11', 'node12', 'node13', 'node14', 'node15', 'node16', 'node17', 'node18', 'node19', 'node20', 'node21', 'node22', 'node23', 'node24', 'node25', 'node26', 'node27', 'node28', 'node29', 'node30', 'node31', 'node32', 'node33', 'node34', 'node35', 'node36', 'node37', 'node38', 'node39', 'node40', 'node41', 'node42', 'node43', 'node44', 'node45', 'node46', 'node47', 'node48', 'node49', 'node50']
source=node1
sink=node40
          i       j      value
0     node1   node4  17.855750
1     node1   node5  35.865805
2     node1  node16  34.634172
3     node1  node26  49.711064
4     node1  node34  46.924053
..      ...     ...        ...
306  node50  node11  37.835000
307  node50  node18  35.826562
308  node50  node31  40.101419
309  node50  node37  36.495715
310  node50  node38  38.497213

[311 rows x 3 columns]
optimal total cost: 102.62229668064103
['node1', 'node47', 'node20', 'node40']
--- dijkstra3.gms(265) 6 Mb
--- Generating LP model m
--- dijkstra3.gms(279) 6 Mb
---   51 rows  312 columns  934 non-zeroes
--- Range statistics (absolute non-zero finite values)
--- RHS       [min, max] : [ 1.000E+00, 1.000E+00] - Zero values observed as well
--- Bound     [min, max] : [        NA,        NA] - Zero values observed as well
--- Matrix    [min, max] : [ 1.000E+00, 4.993E+01]
--- Executing CPLEX (Solvelink=2): elapsed 0:00:00.509

IBM ILOG CPLEX   49.1.0 5c4d4ed6 Feb 15, 2025          WEI x86 64bit/MS Window

--- GAMS/CPLEX licensed for continuous and discrete problems.
--- GMO setup time: 0.00s
--- GMO memory 0.54 Mb (peak 0.54 Mb)
--- Dictionary memory 0.00 Mb
--- Cplex 22.1.2.0 link memory 0.01 Mb (peak 0.03 Mb)
--- Starting Cplex

Version identifier: 22.1.2.0 | 2024-11-25 | 0edbb82fd
CPXPARAM_Advance                                 0
CPXPARAM_MIP_Display                             4
CPXPARAM_MIP_Pool_Capacity                       0
CPXPARAM_MIP_Tolerances_AbsMIPGap                0
Tried aggregator 1 time.
LP Presolve eliminated 1 rows and 3 columns.
Aggregator did 1 substitutions.
Reduced LP has 48 rows, 308 columns, and 594 nonzeros.
Presolve time = 0.00 sec. (0.32 ticks)

Iteration log . . .
Iteration:     1   Dual objective     =            11.974916

--- LP status (1): optimal.
--- Cplex Time: 0.00sec (det. 0.43 ticks)


Optimal solution found
Objective:          102.622297

--- Reading solution for model m
--- Executing after solve: elapsed 0:00:00.542
--- dijkstra3.gms(304) 6 Mb
--- Generating LP model dual
--- dijkstra3.gms(321) 6 Mb
---   312 rows  51 columns  625 non-zeroes
--- Range statistics (absolute non-zero finite values)
--- RHS       [min, max] : [ 4.343E+00, 4.993E+01] - Zero values observed as well
--- Bound     [min, max] : [        NA,        NA]
--- Matrix    [min, max] : [ 1.000E+00, 1.000E+00]
--- Executing CPLEX (Solvelink=2): elapsed 0:00:00.544

IBM ILOG CPLEX   49.1.0 5c4d4ed6 Feb 15, 2025          WEI x86 64bit/MS Window

--- GAMS/CPLEX licensed for continuous and discrete problems.
--- GMO setup time: 0.00s
--- Space for names approximately 0.01 Mb
--- Use option 'names no' to turn use of names off
--- GMO memory 0.54 Mb (peak 0.54 Mb)
--- Dictionary memory 0.00 Mb
--- Cplex 22.1.2.0 link memory 0.00 Mb (peak 0.02 Mb)
--- Starting Cplex

Version identifier: 22.1.2.0 | 2024-11-25 | 0edbb82fd
CPXPARAM_Advance                                 0
CPXPARAM_MIP_Display                             4
CPXPARAM_MIP_Pool_Capacity                       0
CPXPARAM_MIP_Tolerances_AbsMIPGap                0
Tried aggregator 1 time.
LP Presolve eliminated 2 rows and 1 columns.
Aggregator did 1 substitutions.
Reduced LP has 308 rows, 49 columns, and 616 nonzeros.
Presolve time = 0.00 sec. (0.17 ticks)

Iteration log . . .
Iteration:     1   Dual infeasibility =             2.000000
Iteration:    44   Dual objective     =           104.506263

--- LP status (1): optimal.
--- Cplex Time: 0.00sec (det. 0.83 ticks)


Optimal solution found
Objective:          102.622297

--- Reading solution for model dual
--- Executing after solve: elapsed 0:00:00.574
--- dijkstra3.gms(350) 6 Mb
--- Generating LP model m
--- dijkstra3.gms(352) 6 Mb
---   51 rows  312 columns  934 non-zeroes
--- Range statistics (absolute non-zero finite values)
--- RHS       [min, max] : [ 1.000E+00, 4.900E+01] - Zero values observed as well
--- Bound     [min, max] : [        NA,        NA] - Zero values observed as well
--- Matrix    [min, max] : [ 1.000E+00, 4.993E+01]
--- Executing CPLEX (Solvelink=2): elapsed 0:00:00.576

IBM ILOG CPLEX   49.1.0 5c4d4ed6 Feb 15, 2025          WEI x86 64bit/MS Window

--- GAMS/CPLEX licensed for continuous and discrete problems.
--- GMO setup time: 0.00s
--- GMO memory 0.54 Mb (peak 0.54 Mb)
--- Dictionary memory 0.00 Mb
--- Cplex 22.1.2.0 link memory 0.01 Mb (peak 0.03 Mb)
--- Starting Cplex

Version identifier: 22.1.2.0 | 2024-11-25 | 0edbb82fd
CPXPARAM_Advance                                 2
CPXPARAM_MIP_Display                             4
CPXPARAM_MIP_Pool_Capacity                       0
CPXPARAM_MIP_Tolerances_AbsMIPGap                0
Tried aggregator 1 time.
LP Presolve eliminated 0 rows and 3 columns.
Aggregator did 1 substitutions.
Reduced LP has 49 rows, 308 columns, and 616 nonzeros.
Presolve time = 0.00 sec. (0.19 ticks)

Iteration log . . .
Iteration:     1   Dual objective     =          2420.450961

--- LP status (1): optimal.
--- Cplex Time: 0.00sec (det. 0.53 ticks)


Optimal solution found
Objective:         3363.742470

--- Reading solution for model m
--- Executing after solve: elapsed 0:00:00.606
--- dijkstra3.gms(381) 6 Mb
--- Generating LP model dual
--- dijkstra3.gms(388) 6 Mb
---   312 rows  51 columns  673 non-zeroes
--- Range statistics (absolute non-zero finite values)
--- RHS       [min, max] : [ 4.343E+00, 4.993E+01] - Zero values observed as well
--- Bound     [min, max] : [        NA,        NA]
--- Matrix    [min, max] : [ 1.000E+00, 4.900E+01]
--- Executing CPLEX (Solvelink=2): elapsed 0:00:00.616

IBM ILOG CPLEX   49.1.0 5c4d4ed6 Feb 15, 2025          WEI x86 64bit/MS Window

--- GAMS/CPLEX licensed for continuous and discrete problems.
--- GMO setup time: 0.00s
--- Space for names approximately 0.01 Mb
--- Use option 'names no' to turn use of names off
--- GMO memory 0.54 Mb (peak 0.54 Mb)
--- Dictionary memory 0.00 Mb
--- Cplex 22.1.2.0 link memory 0.00 Mb (peak 0.02 Mb)
--- Starting Cplex

Version identifier: 22.1.2.0 | 2024-11-25 | 0edbb82fd
CPXPARAM_Advance                                 0
CPXPARAM_MIP_Display                             4
CPXPARAM_MIP_Pool_Capacity                       0
CPXPARAM_MIP_Tolerances_AbsMIPGap                0
Tried aggregator 1 time.
LP Presolve eliminated 2 rows and 1 columns.
Aggregator did 1 substitutions.
Reduced LP has 308 rows, 49 columns, and 616 nonzeros.
Presolve time = 0.00 sec. (0.17 ticks)

Iteration log . . .
Iteration:     1   Dual infeasibility =            96.000000
Iteration:    49   Dual objective     =          4010.493561

--- LP status (1): optimal.
--- Cplex Time: 0.00sec (det. 0.80 ticks)


Optimal solution found
Objective:         3363.742470

--- Reading solution for model dual
--- Executing after solve: elapsed 0:00:00.645
--- dijkstra3.gms(543) 8 Mb
--- Putfile fln C:\projects\OptimizationModels\Dijkstra\networkdata.js
*** Status: Normal completion
--- Job dijkstra3.gms Stop 05/14/25 21:36:36 elapsed 0:00:00.847
