
--- Job SmallestEllipseNLP.gms Start 04/12/26 06:10:02 53.1.0 6a03d3b9 WEX-WEI x86 64bit/MS Windows
--- Applying:
    C:\GAMS\53\gmsprmNT.txt
    C:\Users\erwin\Documents\GAMS\gamsconfig.yaml
--- GAMS Parameters defined
    MIP CPLEX
    Input "C:\projects\OptimizationModels\Smallest Enclosing Ellipse\SmallestEllipseNLP.gms"
    PageWidth 130
    PageSize 0
    ScrDir "C:\projects\OptimizationModels\Smallest Enclosing Ellipse\225a\"
    SysDir C:\GAMS\53\
    LogOption 3
    AppendLog 1
    ErrMsg 1
    ErrorLog 99
    IDE 1
    LstTitleLeftAligned 1
Licensee: Erwin Kalvelagen                               G260201+0003Cc-GEN
          Amsterdam Optimization Modeling Group                     DCE4744
          225a\gamslice.dat
          8ed7e271-7287-4ff2
          node:23592203 mem:64 cores:8 ipport:51228 v:2                    
          Evaluation license: Not for commercial or production use
          The time-limited license stops working on : Aug 30, 2026
System information: 8 physical cores and 64 Gb physical memory detected
GAMS 53.1.0   Copyright (C) 1987-2026 GAMS Development. All rights reserved
--- Starting compilation
--- SmallestEllipseNLP.gms(50) 3 Mb
--- Initialize embedded library embpycclib64.dll
--- Execute embedded library embpycclib64.dll
n=50 seed=1234
--- SmallestEllipseNLP.gms(151) 3 Mb
--- Starting execution: elapsed 0:00:00.441
--- SmallestEllipseNLP.gms(91) 4 Mb
--- Generating NLP model m1
--- SmallestEllipseNLP.gms(104) 6 Mb
---   37 rows  30 columns  112 non-zeroes
---   177 nl-code  63 nl-non-zeroes
--- Range statistics (absolute non-zero finite values)
--- RHS       [min, max] : [ 1.223E-01, 4.679E+00] - Zero values observed as well
--- Bound     [min, max] : [        NA,        NA] - Zero values observed as well
--- Matrix    [min, max] : [ 8.780E-03, 4.460E+01] - Zero values observed as well
--- SmallestEllipseNLP.gms(104) 4 Mb
--- Executing CONOPT (Solvelink=2): elapsed 0:00:00.444

CONOPT 4         53.1.0 6a03d3b9 Feb 16, 2026          WEI x86 64bit/MS Window

 
 
    C O N O P T   version 4.39.0
    Copyright (C) GAMS Software GmbH
                  GAMS Development Corporation
 
    Will use up to 4 threads.
 
 
    The user model has 37 constraints and 30 variables
    with 112 Jacobian elements, 63 of which are nonlinear.
    The Hessian of the Lagrangian has 25 elements on the diagonal,
    61 elements below the diagonal, and 27 nonlinear variables.
 
    Iter Phase   Ninf   Infeasibility   RGmax      NSB   Step  InItr MX OK
       0   0          2.7755575616E-15 (Input point)
 
    The post-triangular part of the model has 1 constraints and variables.
    There are 24 definitional constraints and defined variables.
 
    Preprocessed model has 12 constraints and 5 variables
    with 60 Jacobian elements, 60 of which are nonlinear.
 
    Iter Phase   Ninf   Infeasibility   RGmax      NSB   Step  InItr MX OK
                      0.0000000000E+00 (Full preprocessed model)
                      0.0000000000E+00 (After scaling)
 
 ** Feasible solution. Value of objective =   4.811432647916E-04
 
    Iter Phase   Ninf     Objective     RGmax      NSB   Step  InItr MX OK
       1   3          3.0698644113E-03 1.6E-03       4 1.0E+00     6 T  T
       3   4          3.0909405310E-03 0.0E+00       0
 
 ** Optimal solution. There are no superbasic variables.
 
--- Reading solution for model m1
--- Executing after solve: elapsed 0:00:00.492
--- SmallestEllipseNLP.gms(132) 4 Mb
--- Generating NLP model m2
--- SmallestEllipseNLP.gms(146) 6 Mb
---   37 rows  30 columns  124 non-zeroes
---   93 nl-code  27 nl-non-zeroes
--- Range statistics (absolute non-zero finite values)
--- RHS       [min, max] : [ 1.000E+00, 1.000E+00] - Zero values observed as well
--- Bound     [min, max] : [        NA,        NA] - Zero values observed as well
--- Matrix    [min, max] : [ 5.928E-02, 4.679E+00] - Zero values observed as well
--- SmallestEllipseNLP.gms(146) 4 Mb
--- Executing CONOPT (Solvelink=2): elapsed 0:00:00.494

CONOPT 4         53.1.0 6a03d3b9 Feb 16, 2026          WEI x86 64bit/MS Window

 
 
    C O N O P T   version 4.39.0
    Copyright (C) GAMS Software GmbH
                  GAMS Development Corporation
 
    Will use up to 4 threads.
 
 
    The user model has 37 constraints and 30 variables
    with 124 Jacobian elements, 27 of which are nonlinear.
    The Hessian of the Lagrangian has 25 elements on the diagonal,
    1 elements below the diagonal, and 27 nonlinear variables.
 
    Iter Phase   Ninf   Infeasibility   RGmax      NSB   Step  InItr MX OK
       0   0          3.1225022568E-17 (Input point)
 
    The post-triangular part of the model has 1 constraints and variables.
 
    Preprocessed model has 36 constraints and 29 variables
    with 120 Jacobian elements, 24 of which are nonlinear.
 
    Iter Phase   Ninf   Infeasibility   RGmax      NSB   Step  InItr MX OK
                      3.1225022568E-17 (Full preprocessed model)
                      3.1225022568E-17 (After scaling)
 
 ** Feasible solution. Value of objective =   2.193497811240E-02
 
    Iter Phase   Ninf     Objective     RGmax      NSB   Step  InItr MX OK
       1   3          3.5332227156E-02 3.2E-02       4 7.2E-01     3 F  T
       4   4          5.5596227668E-02 0.0E+00       0
 
 ** Optimal solution. There are no superbasic variables.
 
--- Reading solution for model m2
--- Executing after solve: elapsed 0:00:00.537
--- SmallestEllipseNLP.gms(151) 4 Mb
*** Status: Normal completion
--- Job SmallestEllipseNLP.gms Stop 04/12/26 06:10:03 elapsed 0:00:00.571
