
--- Job hanoi2.gms Start 04/01/25 04:36:44 49.1.0 5c4d4ed6 WEX-WEI x86 64bit/MS Windows
--- Applying:
    C:\GAMS\49\gmsprmNT.txt
    C:\Users\erwin\Documents\GAMS\gamsconfig.yaml
--- GAMS Parameters defined
    MIP CPLEX
    Input C:\Users\erwin\Projects\blog\hanoi\hanoi2.gms
    PageWidth 130
    PageSize 0
    ScrDir C:\Users\erwin\Projects\blog\hanoi\225a\
    SysDir C:\GAMS\49\
    LogOption 3
    ErrMsg 1
    ErrorLog 99
    IDE 1
    GDX C:\Users\erwin\Projects\blog\hanoi\x.gdx
    LstTitleLeftAligned 1
Licensee: Eval License                                   S241129|0002CO-GEN
          Amsterdam Optimization Modeling Group,                     DCE378
          C:\Users\erwin\Documents\GAMS\gamslice.txt
          License Admin: Erwin Kalvelagen, info@amsterdamoptimization.com  
          Evaluation license: Not for commercial or production use
          The expiration date of time-limited license is Dec 24, 2025
System information: 8 physical cores and 64 Gb memory detected
GAMS 49.1.0   Copyright (C) 1987-2025 GAMS Development. All rights reserved
--- Starting compilation
--- hanoi2.gms(125) 3 Mb
--- Starting execution: elapsed 0:00:00.004
--- hanoi2.gms(76) 4 Mb
--- Generating RMIP model shortestpath
--- hanoi2.gms(92) 4 Mb
---   28 rows  79 columns  235 non-zeroes
---   78 discrete-columns
--- Range statistics (absolute non-zero finite values)
--- RHS       [min, max] : [ 1.000E+00, 1.000E+00] - Zero values observed as well
--- Bound     [min, max] : [ 1.000E+00, 1.000E+00] - Zero values observed as well
--- Matrix    [min, max] : [ 1.000E+00, 1.000E+00]
--- Executing CPLEX (Solvelink=2): elapsed 0:00:00.009

IBM ILOG CPLEX   49.1.0 5c4d4ed6 Feb 15, 2025          WEI x86 64bit/MS Window

--- GAMS/CPLEX licensed for continuous and discrete problems.
--- GMO setup time: 0.00s
--- GMO memory 0.51 Mb (peak 0.51 Mb)
--- Dictionary memory 0.00 Mb
--- Cplex 22.1.2.0 link memory 0.00 Mb (peak 0.01 Mb)
--- Starting Cplex

Version identifier: 22.1.2.0 | 2024-11-25 | 0edbb82fd
CPXPARAM_Advance                                 0
CPXPARAM_MIP_Display                             4
CPXPARAM_MIP_Pool_Capacity                       0
CPXPARAM_MIP_Tolerances_AbsMIPGap                0
Tried aggregator 1 time.
LP Presolve eliminated 1 rows and 7 columns.
Aggregator did 2 substitutions.
Reduced LP has 23 rows, 70 columns, and 134 nonzeros.
Presolve time = 0.00 sec. (0.11 ticks)
Initializing dual steep norms . . .

Iteration log . . .
Iteration:     1   Dual objective     =             3.000000

--- LP status (1): optimal.
--- Cplex Time: 0.00sec (det. 0.15 ticks)


Optimal solution found
Objective:            7.000000

--- Reading solution for model shortestpath
--- Executing after solve: elapsed 0:00:00.039
--- hanoi2.gms(125) 4 Mb
--- GDX File C:\Users\erwin\Projects\blog\hanoi\x.gdx
*** Status: Normal completion
--- Job hanoi2.gms Stop 04/01/25 04:36:44 elapsed 0:00:00.040
