--- Job hanoi3.gms Start 01/08/26 05:04:04 52.1.0 4f802a74 WEX-WEI x86 64bit/MS Windows
--- Applying:
    C:\GAMS\52\gmsprmNT.txt
    C:\Users\erwin\Documents\GAMS\gamsconfig.yaml
--- GAMS Parameters defined
    MIP CPLEX
    Input "C:\projects\OptimizationModels\Towers of Hanoi\hanoi3.gms"
    PageWidth 130
    PageSize 0
    ScrDir "C:\projects\OptimizationModels\Towers of Hanoi\225a\"
    SysDir C:\GAMS\52\
    LogOption 3
    AppendLog 1
    ErrMsg 1
    ErrorLog 99
    IDE 1
    LstTitleLeftAligned 1
Licensee: Eval License                                   G250902+0003Cc-GEN
          Amsterdam Optimization Modeling Group                     DCE4744
          225a\gamslice.dat
          8ed7e271-7287-4ff2
          node:23592203 mem:64 cores:8 ipport:49299 v:2                    
          Evaluation license: Not for commercial or production use
          The time-limited license stops working on : Jan 30, 2026
System information: 8 physical cores and 64 Gb physical memory detected
GAMS 52.1.0   Copyright (C) 1987-2025 GAMS Development. All rights reserved
--- Starting compilation
--- hanoi3.gms(214) 3 Mb
--- Starting execution: elapsed 0:00:00.015
--- hanoi3.gms(118) 4 Mb
--- Generating MIP model m
--- hanoi3.gms(126) 5 Mb
---   913 rows  1,301 columns  5,665 non-zeroes
---   1,225 discrete-columns
--- Range statistics (absolute non-zero finite values)
--- RHS       [min, max] : [ 1.000E+00, 4.000E+00] - Zero values observed as well
--- Bound     [min, max] : [ 1.000E+00, 4.000E+00] - Zero values observed as well
--- Matrix    [min, max] : [ 1.000E+00, 4.000E+00]
--- Executing CPLEX (Solvelink=2): elapsed 0:00:00.021

IBM ILOG CPLEX   52.1.0 4f802a74 Nov 28, 2025          WEI x86 64bit/MS Window

--- GAMS/CPLEX licensed for continuous and discrete problems.
--- GMO setup time: 0.00s
--- Space for names approximately 0.07 Mb
--- Use option 'names no' to turn use of names off
--- GMO memory 0.75 Mb (peak 0.76 Mb)
--- Dictionary memory 0.00 Mb
--- Cplex 22.1.2.0 link memory 0.04 Mb (peak 0.19 Mb)
--- Starting Cplex

Version identifier: 22.1.2.0 | 2024-11-25 | 0edbb82fd
CPXPARAM_Advance                                 0
CPXPARAM_MIP_Display                             4
CPXPARAM_MIP_Pool_Capacity                       0
CPXPARAM_MIP_Tolerances_AbsMIPGap                0
Generic callback                                 0x50
Tried aggregator 3 times.
MIP Presolve eliminated 116 rows and 382 columns.
MIP Presolve modified 167 coefficients.
Aggregator did 20 substitutions.
Reduced MIP has 776 rows, 899 columns, and 3949 nonzeros.
Reduced MIP has 828 binaries, 0 generals, 0 SOSs, and 0 indicators.
Presolve time = 0.00 sec. (4.88 ticks)
Probing fixed 81 vars, tightened 2 bounds.
Probing changed sense of 1 constraints.
Probing time = 0.00 sec. (7.28 ticks)
Cover probing fixed 0 vars, tightened 2 bounds.
Tried aggregator 3 times.
MIP Presolve eliminated 60 rows and 95 columns.
MIP Presolve modified 26 coefficients.
Aggregator did 7 substitutions.
Reduced MIP has 709 rows, 797 columns, and 3467 nonzeros.
Reduced MIP has 731 binaries, 66 generals, 0 SOSs, and 0 indicators.
Presolve time = 0.02 sec. (7.96 ticks)
Probing fixed 24 vars, tightened 0 bounds.
Probing time = 0.00 sec. (5.80 ticks)
Tried aggregator 2 times.
Detecting symmetries...
MIP Presolve eliminated 19 rows and 31 columns.
MIP Presolve modified 16 coefficients.
Aggregator did 2 substitutions.
Reduced MIP has 688 rows, 764 columns, and 3306 nonzeros.
Reduced MIP has 699 binaries, 65 generals, 0 SOSs, and 0 indicators.
Presolve time = 0.01 sec. (5.88 ticks)
Probing fixed 4 vars, tightened 0 bounds.
Probing time = 0.00 sec. (5.05 ticks)
Clique table members: 2078.
MIP emphasis: balance optimality and feasibility.
MIP search method: dynamic search.
Parallel mode: deterministic, using up to 16 threads.
Parallel mode: deterministic, using up to 3 threads for parallel tasks at root LP.
Tried aggregator 1 time.
LP Presolve eliminated 0 rows and 4 columns.
Reduced LP has 688 rows, 760 columns, and 3286 nonzeros.
Presolve time = 0.00 sec. (0.50 ticks)

Iteration log . . .
Iteration:     1   Dual objective     =            17.000000
Perturbation started.
Iteration:    51   Dual objective     =            17.000000
Iteration:   131   Dual objective     =            16.999992
Removing perturbation.
Initializing dual steep norms . . .
Root relaxation solution time = 0.00 sec. (3.20 ticks)

        Nodes                                         Cuts/
   Node  Left     Objective  IInf  Best Integer    Best Bound    ItCnt     Gap

      0     0       17.0000    90                     17.0000      191         
      0     0       16.8750    92                   Cuts: 164      441         
      0     0       16.3916   115                   Cuts: 100      561         
*     0+    0                           14.0000       16.3916            17.08%
Found incumbent of value 14.000000 after 0.14 sec. (100.91 ticks)
      0     0        cutoff             14.0000       14.0000      779    0.00%
Elapsed time = 0.14 sec. (100.98 ticks, tree = 0.01 MB)

Clique cuts applied:  45
Cover cuts applied:  8
Implied bound cuts applied:  38
Mixed integer rounding cuts applied:  2
Zero-half cuts applied:  25
Lift and project cuts applied:  3
Gomory fractional cuts applied:  3

Root node processing (before b&c):
  Real time             =    0.14 sec. (101.02 ticks)
Parallel b&c, 16 threads:
  Real time             =    0.00 sec. (0.00 ticks)
  Sync time (average)   =    0.00 sec.
  Wait time (average)   =    0.00 sec.
                          ------------
Total (root+branch&cut) =    0.14 sec. (101.02 ticks)

--- MIP status (101): integer optimal solution.
--- Cplex Time: 0.14sec (det. 101.02 ticks)

--- Returning a primal only solution to GAMS (marginals all set to NA).
--- Fixing integer variables and solving final LP...

Version identifier: 22.1.2.0 | 2024-11-25 | 0edbb82fd
CPXPARAM_Advance                                 2
CPXPARAM_MIP_Display                             4
CPXPARAM_MIP_Pool_Capacity                       0
CPXPARAM_MIP_Tolerances_AbsMIPGap                0
Tried aggregator 1 time.
LP Presolve eliminated 912 rows and 1301 columns.
All rows and columns eliminated.
Presolve time = 0.00 sec. (0.65 ticks)

--- Fixed MIP status (1): optimal.
--- Cplex Time: 0.00sec (det. 0.97 ticks)


Proven optimal solution
MIP Solution:           14.000000    (779 iterations, 0 nodes)
Final Solve:            14.000000    (0 iterations)

Best possible:          14.000000
Absolute gap:            0.000000
Relative gap:            0.000000

--- Reading solution for model m
--- Executing after solve: elapsed 0:00:00.230
--- hanoi3.gms(214) 6 Mb
--- Putfile f C:\projects\OptimizationModels\Towers of Hanoi\hanoiplots3.html
*** Status: Normal completion
--- Job hanoi3.gms Stop 01/08/26 05:04:05 elapsed 0:00:00.512
