
--- Job LargestEmptyRotatedSquare.gms Start 05/13/26 03:36:55 53.1.0 6a03d3b9 WEX-WEI x86 64bit/MS Windows
--- Applying:
    C:\GAMS\53\gmsprmNT.txt
    C:\Users\erwin\Documents\GAMS\gamsconfig.yaml
--- GAMS Parameters defined
    MIP CPLEX
    Input "C:\projects\OptimizationModels\Largest Empty Square\LargestEmptyRotatedSquare.gms"
    PageWidth 130
    PageSize 0
    ScrDir "C:\projects\OptimizationModels\Largest Empty Square\225b\"
    SysDir C:\GAMS\53\
    LogOption 3
    AppendLog 1
    ErrMsg 1
    ErrorLog 99
    IDE 1
    LstTitleLeftAligned 1
Licensee: Erwin Kalvelagen                               G260201+0003Cc-GEN
          Amsterdam Optimization Modeling Group                     DCE4744
          225b\gamslice.dat
          8ed7e271-7287-4ff2
          node:23592203 mem:64 cores:8 ipport:64905 v:2                    
          Evaluation license: Not for commercial or production use
          The time-limited license stops working on : Aug 30, 2026
System information: 8 physical cores and 64 Gb physical memory detected
GAMS 53.1.0   Copyright (C) 1987-2026 GAMS Development. All rights reserved
--- Starting compilation
--- LargestEmptyRotatedSquare.gms(59) 3 Mb
--- Starting execution: elapsed 0:00:00.017
--- LargestEmptyRotatedSquare.gms(57) 4 Mb
*** Status: Normal completion
--- Job LargestEmptyRotatedSquare.gms Stop 05/13/26 03:36:55 elapsed 0:00:00.017
