
--- Job LargestEmptyRotatedSquareEndogAngle.gms Start 05/20/26 02:12:09 53.1.0 6a03d3b9 WEX-WEI x86 64bit/MS Windows
--- Applying:
    C:\GAMS\53\gmsprmNT.txt
    C:\Users\erwin\Documents\GAMS\gamsconfig.yaml
--- GAMS Parameters defined
    MIP CPLEX
    Input "C:\projects\OptimizationModels\Largest Empty Square\LargestEmptyRotatedSquareEndogAngle.gms"
    PageWidth 130
    PageSize 0
    ScrDir "C:\projects\OptimizationModels\Largest Empty Square\225b\"
    SysDir C:\GAMS\53\
    LogOption 3
    AppendLog 1
    ErrMsg 1
    ErrorLog 99
    IDE 1
    LstTitleLeftAligned 1
Licensee: Erwin Kalvelagen                               G260201+0003Cc-GEN
          Amsterdam Optimization Modeling Group                     DCE4744
          225b\gamslice.dat
          8ed7e271-7287-4ff2
          node:23592203 mem:64 cores:8 ipport:60074 v:2                    
          Evaluation license: Not for commercial or production use
          The time-limited license stops working on : Aug 30, 2026
System information: 8 physical cores and 64 Gb physical memory detected
GAMS 53.1.0   Copyright (C) 1987-2026 GAMS Development. All rights reserved
--- Starting compilation
--- LargestEmptyRotatedSquareEndogAngle.gms(234) 3 Mb
--- $echo File C:\projects\OptimizationModels\Largest Empty Square\plot.html
--- LargestEmptyRotatedSquareEndogAngle.gms(341) 3 Mb
--- Starting execution: elapsed 0:00:00.017
--- LargestEmptyRotatedSquareEndogAngle.gms(79) 4 Mb
--- Generating MINLP model emptysquare1
--- LargestEmptyRotatedSquareEndogAngle.gms(117) 6 Mb
---   709 rows  613 columns  2,240 non-zeroes
---   1,996 nl-code  230 nl-non-zeroes
---   400 discrete-columns
--- Range statistics (absolute non-zero finite values)
--- RHS       [min, max] : [ 3.000E+00, 3.000E+00] - Zero values observed as well
--- Bound     [min, max] : [ 1.000E+00, 2.000E+01] - Zero values observed as well
--- Matrix    [min, max] : [ 6.352E-04, 2.000E+01] - Zero values observed as well
--- LargestEmptyRotatedSquareEndogAngle.gms(117) 4 Mb
--- Executing XPRESS (Solvelink=2): elapsed 0:00:00.024

    Xpress           53.1.0 6a03d3b9 Feb 16, 2026          WEI x86 64bit/MS Window

... GMO Q Extraction (ThreePass): 0.00s
... This solver runs with a demo license. No commercial use.

    Original problem size
       linear:    708 rows, 612 columns, 1800 linear coefficients
       nonlinear: 208 coefficients, 3028 tokens
                  416 mul             0 div         0 sqrt
                  208 sin           208 cos         0 tan
    Nonlinear presolve
       bound tightening reduced 400 bounds
    Presolved problem size
       linear:    708 rows, 613 columns, 1800 linear coefficients
       nonlinear: 208 coefficients, 3028 tokens
                  416 mul             0 div         0 sqrt
                  208 sin           208 cos         0 tan
    Problem is nonlinear presolved
    FICO Xpress v9.8.0, Hyper, solve started 2:12:09, May 20, 2026
    Control settings used:
    MIPADDCUTOFF = 0
    MIPRELCUTOFF = 0
    MIPABSSTOP = 0
    MIPRELSTOP = .0001
    INPUTTOL = 0
    Maximum expanded nl-formula size: 18  (row 'transformx(11)')
    Total tokens: 3028
      16  parallel calculation threads
      Jacobian: symbolic differentiation
             208 base AD formula, 11.5481 average complexity
             438 in the Jacobian, 6.89269 average complexity
    Initial point objective:      .0000
    Absolute / relative validation:           9.886  /     3.000
     ------------------- Calling global solver ----------------- 
    FICO Xpress v9.8.0, Hyper, solve started 2:12:09, May 20, 2026
    Heap usage: 750KB (peak 752KB, 478KB system)
    Maximizing MINLP  using up to 16 threads and up to 63GB memory
    Original problem has:
           708 rows          613 cols         1800 elements       400 entities
    Presolved problem has:
           710 rows          624 cols         2230 elements       400 entities
    LP relaxation tightened
    Presolve finished in 0 seconds
    Heap usage: 2467KB (peak 2891KB, 478KB system)
    Coefficient range                    original                 solved        
      Coefficients   [min,max] : [ 1.00e+00,  2.00e+01] / [ 3.18e-04,  2.00e+00]
      RHS and bounds [min,max] : [ 1.60e-06,  2.00e+01] / [ 1.60e-06,  4.00e+01]
      Objective      [min,max] : [ 1.00e+00,  1.00e+00] / [ 1.00e+00,  1.00e+00]
    Autoscaling applied standard scaling
    Will try to keep branch and bound tree memory usage below 57.1GB
    Starting concurrent solve with dual (1 thread)
     Concurrent-Solve,   0s
                Dual        
        objective   sum inf 
     P  20.000000   .0000000
                            
    ------- optimal --------
    Concurrent statistics:
               Dual: 429 simplex iterations, 0.00s
    Optimal solution found
     
       Its         Obj Value      S   Ninf  Nneg        Sum Inf  Time
       429         20.000000      P      0     0        .000000     0
    Dual solved problem
      429 simplex iterations in 0.00 seconds at time 0
    Final objective                       : 2.000000000000000e+01
      Max primal violation      (abs/rel) : 2.220e-16 / 1.776e-16
      Max dual violation        (abs/rel) :       0.0 /       0.0
      Max complementarity viol. (abs/rel) :       0.0 /       0.0
    Starting root cutting & heuristics
    Deterministic mode with up to 3 additional threads
     
     Its Type    BestSoln    BestBound   Sols    Add    Del     Gap     GInf   Time
    a             .292982    20.000000      1                 98.54%       0      0
    P            1.444383    20.000000      2                 92.78%       0      0
       1  K      1.444383    17.220265      2    329     27   91.61%     409      0
       2  K      1.444383    17.220265      2    484    325   91.61%     336      0
       3  K      1.444383    15.521822      2    484    393   90.69%     336      0
       4  K      1.444383    15.521822      2    484    186   90.69%     343      0
       5  K      1.444383    14.484051      2    437    616   90.03%     312      0
       6  K      1.444383    14.484051      2    484    586   90.03%     369      0
       7  K      1.444383    13.849959      2    474    524   89.57%     300      0
       8  K      1.444383    13.849959      2    484    492   89.57%     340      0
       9  K      1.444383    13.462521      2    484    397   89.27%     342      0
      10  K      1.444383    13.462521      2    484    303   89.27%     388      0
      11  K      1.444383    13.225791      2    484    568   89.08%     396      0
      12  K      1.444383    13.225791      2    484    510   89.08%     399      0
      13  K      1.444383    13.081145      2    484    506   88.96%     398      0
      14  K      1.444383    13.081145      2    484    629   88.96%     304      0
      15  K      1.444383    12.992765      2    484    355   88.88%     407      0
      16  K      1.444383    12.992765      2    484    473   88.88%     389      0
      17  K      1.444383    12.938764      2    484    547   88.84%     418      0
      18  K      1.444383    12.938764      2    484    518   88.84%     411      0
      19  K      1.444383    12.905768      2    484    381   88.81%     410      0
      20  K      1.444383    12.905768      2    417    465   88.81%     409      0
      21  K      1.444383    12.885607      2    411    395   88.79%     408      1
      22  K      1.444383    12.885607      2    484    538   88.79%     290      1
      23  K      1.444383    12.873289      2    484    502   88.78%     396      1
      24  K      1.444383    12.873289      2    484    473   88.78%     407      1
      25  K      1.444383    12.871895      2    484    391   88.78%     399      1
      26  K      1.444383    12.871895      2    484    663   88.78%     282      1
      27  K      1.444383    12.865607      2    484    488   88.77%     378      1
      28  K      1.444383    12.865607      2    484    489   88.77%     296      1
      29  K      1.444383    12.864211      2    484    484   88.77%     290      1
      30  K      1.444383    12.864211      2    484    236   88.77%     295      1
      31  K      1.444383    12.860894      2    484    713   88.77%     397      1
      32  K      1.444383    12.860894      2    484    504   88.77%     284      1
      33  K      1.444383    12.860215      2    484    478   88.77%     344      1
      34  K      1.444383    12.860215      2    484    488   88.77%     282      1
      35  K      1.444383    12.860215      2    484    866   88.77%     290      1
      36  G      1.444383    12.860215      2    484      0   88.77%     294      1
      37  G      1.444383    12.859751      2    465    460   88.77%     378      1
      38  G      1.444383    12.857774      2    484    557   88.77%     312      1
      39  G      1.444383    12.857774      2    484    959   88.77%     354      1
    Heuristic search 'R' started
    Heuristic search 'R' stopped
     
    Cuts in the matrix         : 57
    Cut elements in the matrix : 369
    Starting tree search.
    Deterministic mode with up to 16 running threads and up to 32 tasks.
    Heap usage: 6272KB (peak 9849KB, 490KB system)
     
        Node     BestSoln    BestBound   Sols Active  Depth     Gap     GInf   Time
           1     1.444383    11.352252      2      2      1   87.28%     246      1
           2     1.444383    11.352252      2      2      3   87.28%     282      1
           3     1.444383    11.303679      2      3      3   87.22%     391      1
           4     1.444383    10.521397      2      4      4   86.27%     386      1
           5     1.444383    10.521397      2      5      4   86.27%     408      1
           6     1.444383    10.376108      2      6      4   86.08%     382      1
           7     1.444383    10.376108      2      7      4   86.08%     414      1
           8     1.444383    10.097693      2      8      5   85.70%     188      1
           9     1.444383    10.097693      2      9      5   85.70%     176      1
          10     1.444383    10.097693      2     10      5   85.70%     350      1
          20     1.444383    10.061221      2     20      5   85.64%     436      1
          30     1.444383    10.015410      2     29      7   85.58%     431      2
          41     1.444383    10.015410      2     35      7   85.58%     489      2
          51     1.444383    10.002191      2     44      9   85.56%     434      2
          61     1.444383    10.002191      2     53     14   85.56%     224      2
          71     1.444383    10.002191      2     63     20   85.56%     214      2
          81     1.444383    10.002191      2     73     26   85.56%     210      2
    N     90     1.918827    10.002191      3     83     28   80.82%       0      2
          92     1.918827    10.002191      3     83     28   80.82%     210      2
    Elapsed time (sec): 2, estimated tree completion: 0.00010
    Heap usage: 100MB (peak 100MB, 1430KB system)
    B&B tree size: 0.8MB total
     
        Node     BestSoln    BestBound   Sols Active  Depth     Gap     GInf   Time
         108     1.918827    10.002191      3     66      1   80.82%       2      2
    N    143     1.982921    10.002191      4     97     25   80.18%       0      2
    N    194     2.018303    10.002191      5    111     11   79.82%       0      2
    N    202     2.101999    10.002191      6    109     23   78.98%       0      2
         208     2.101999    10.002191      6    104      1   78.98%       2      2
    *    210     2.413509    10.002191      7    106     18   75.87%       0      2
         310     2.413509    10.002191      7     79     10   75.87%      46      2
    *    363     2.627067    10.002191      8     63     24   73.74%       0      2
    N    395     2.710912    10.002191      9     65     23   72.90%       0      2
         413     2.710912     9.791351      9     67     10   72.31%     270      2
         538     2.710912     9.791351      9     63     44   72.31%     141      2
         654     2.710912     9.791351      9     64     44   72.31%     141      2
    N    744     2.824090     9.791351     10     60     28   71.16%       0      2
         754     2.824090     9.791351     10     56      1   71.16%       2      2
         856     2.824090     9.791351     10     61     16   71.16%     218      2
    *    866     3.032756     9.791351     11     68     17   69.03%       0      2
         956     3.032756     9.791351     11     54     12   69.03%     278      2
        1057     3.032756     9.791351     11     38      9   69.03%     454      2
        1183     3.032756     9.791351     11     45      1   69.03%       2      2
        1283     3.032756     9.791351     11     60      8   69.03%     125      2
    Elapsed time (sec): 2, estimated tree completion: 0.64368
    Heap usage: 318MB (peak 340MB, 3323KB system)
    B&B tree size: 2.7MB total
     
        Node     BestSoln    BestBound   Sols Active  Depth     Gap     GInf   Time
        1398     3.032756     8.599581     11     46     43   64.73%     153      2
    N   1450     3.036391     8.599581     12     77     12   64.69%       0      2
        1499     3.036391     8.599581     12     45     16   64.69%     224      2
        1614     3.036391     8.599581     12     44     35   64.69%       1      2
    N   1661     3.135591     8.599581     13     49     15   63.54%       0      2
        1714     3.135591     8.569731     13     32     13   63.41%     338      2
        1825     3.135591     8.569731     13     27     22   63.41%     209      2
        1930     3.135591     8.307769     13     26     53   62.26%     178      2
        2030     3.135591     8.307769     13     25     20   62.26%      48      2
        2136     3.135591     8.307769     13     26      1   62.26%       2      2
        2237     3.135591     8.307769     13     54     16   62.26%     317      3
        2338     3.135591     8.307769     13     81     23   62.26%     250      3
        2438     3.135591     8.307769     13    103     27   62.26%     272      3
        2539     3.135591     8.307769     13    122     24   62.26%     222      3
        2641     3.135591     8.307769     13    137     27   62.26%     258      3
    N   2741     3.141077     8.307769     14    148     21   62.19%       0      3
        2744     3.141077     8.307769     14    148     22   62.19%     250      3
        2846     3.141077     8.307769     14    175     28   62.19%     266      3
        2946     3.141077     8.307769     14    178     31   62.19%     246      3
        3049     3.141077     8.307769     14    188     21   62.19%     268      3
    Elapsed time (sec): 3, estimated tree completion: 0.98746
    Heap usage: 320MB (peak 340MB, 3423KB system)
    B&B tree size: 2.6MB total
     
        Node     BestSoln    BestBound   Sols Active  Depth     Gap     GInf   Time
        3149     3.141077     8.307769     14    199     18   62.19%     242      3
        3251     3.141077     8.307769     14    174     23   62.19%     244      3
        3354     3.141077     8.307769     14    145     17   62.19%     316      3
        3461     3.141077     8.307769     14    129     23   62.19%     242      3
        3563     3.141077     8.307769     14     80     22   62.19%     220      3
    N   3627     3.141077     8.307769     15     73     26   62.19%       0      3
        3664     3.141077     5.697095     15     66     47   44.87%     188      3
    N   3706     3.141078     5.697095     16     64     42   44.87%       0      3
        3765     3.141078     5.697095     16     77     50   44.87%     162      3
        3869     3.141078     5.697095     16     83     52   44.87%     157      3
        3974     3.141078     5.697095     16     97     54   44.87%     147      3
        4076     3.141078     5.697095     16    121     55   44.87%     165      3
        4176     3.141078     5.697095     16    139     50   44.87%     171      3
        4279     3.141078     5.697095     16    137      1   44.87%       2      3
        4382     3.141078     5.697095     16    146     48   44.87%     169      3
        4482     3.141078     5.697095     16    164     50   44.87%      48      3
        4582     3.141078     5.697095     16    158     54   44.87%     117      3
        4687     3.141078     5.199346     16    168     48   39.59%     168      3
        4789     3.141078     5.199346     16    182     56   39.59%     145      3
        4889     3.141078     5.199346     16    182     41   39.59%     148      3
    Elapsed time (sec): 3, estimated tree completion: 0.99744
    Heap usage: 318MB (peak 340MB, 3323KB system)
    B&B tree size: 2.5MB total
     
        Node     BestSoln    BestBound   Sols Active  Depth     Gap     GInf   Time
        4996     3.141078     5.199346     16    194     58   39.59%     143      3
        5101     3.141078     5.199346     16    203     53   39.59%     174      3
        5207     3.141078     5.199346     16    208     52   39.59%     151      3
        5314     3.141078     5.199346     16    216     53   39.59%     142      3
        5415     3.141078     5.199346     16    228     52   39.59%      32      3
        5516     3.141078     5.199346     16    234     51   39.59%     152      3
        5628     3.141078     5.199346     16    258     56   39.59%     164      3
        5730     3.141078     5.199346     16    270     53   39.59%     158      3
        5832     3.141078     4.682608     16    293     55   32.92%     167      3
        5941     3.141078     4.682608     16    307     61   32.92%      65      4
        6041     3.141078     4.682608     16    341     61   32.92%     158      4
        6149     3.141078     4.682608     16    361     56   32.92%     153      4
        6250     3.141078     4.682608     16    368     55   32.92%      92      4
        6354     3.141078     4.682608     16    397     53   32.92%     155      4
        6455     3.141078     4.682608     16    403     72   32.92%     139      4
        6555     3.141078     4.457693     16    421     57   29.54%     122      4
        6660     3.141078     4.457693     16    403     59   29.54%     127      4
        6760     3.141078     4.457693     16    404     60   29.54%      62      4
        6861     3.141078     4.457693     16    399     78   29.54%     153      4
        6962     3.141078     4.457693     16    398     53   29.54%     147      4
    Elapsed time (sec): 4, estimated tree completion: 0.99997
    Heap usage: 317MB (peak 340MB, 3323KB system)
    B&B tree size: 3.1MB total
     
        Node     BestSoln    BestBound   Sols Active  Depth     Gap     GInf   Time
        7063     3.141078     4.457693     16    419     50   29.54%     190      4
        7166     3.141078     4.457693     16    424     50   29.54%     189      4
        7266     3.141078     4.457693     16    420     21   29.54%     281      4
        7367     3.141078     4.457693     16    431     70   29.54%     143      4
        7474     3.141078     4.457693     16    427     67   29.54%     153      4
        7577     3.141078     4.457693     16    436     54   29.54%     172      4
        7678     3.141078     4.331410     16    419     52   27.48%     189      4
        7778     3.141078     4.331410     16    416     53   27.48%     168      4
        7878     3.141078     4.331410     16    420     51   27.48%     158      4
        7981     3.141078     4.331410     16    410     54   27.48%     165      4
        8081     3.141078     4.310154     16    407     63   27.12%     158      4
        8184     3.141078     4.310154     16    393     60   27.12%      61      4
        8292     3.141078     4.310154     16    397     50   27.12%     188      4
        8395     3.141078     4.310154     16    419     73   27.12%     135      4
        8495     3.141078     4.310154     16    435     58   27.12%      93      4
        8605     3.141078     4.310154     16    433     59   27.12%      61      4
        8712     3.141078     4.310154     16    445     58   27.12%      86      4
        8836     3.141078     4.310154     16    436     78   27.12%     110      4
        8938     3.141078     4.310154     16    464     58   27.12%     131      4
        9038     3.141078     4.310154     16    480     41   27.12%      48      4
    Elapsed time (sec): 4, estimated tree completion: 0.99998
    Heap usage: 319MB (peak 340MB, 3323KB system)
    B&B tree size: 3.6MB total
     
        Node     BestSoln    BestBound   Sols Active  Depth     Gap     GInf   Time
        9138     3.141078     4.310154     16    476     56   27.12%     134      4
        9245     3.141078     4.310154     16    476     53   27.12%     188      4
        9346     3.141078     4.310154     16    480     64   27.12%     158      4
        9446     3.141078     4.310154     16    475      1   27.12%       2      4
        9550     3.141078     4.310154     16    478     56   27.12%     190      4
        9652     3.141078     4.310154     16    491     56   27.12%      88      4
        9752     3.141078     4.310154     16    504     56   27.12%      50      4
        9852     3.141078     4.310154     16    509      1   27.12%       2      4
        9965     3.141078     4.310154     16    513     58   27.12%     111      4
       10069     3.141078     4.310154     16    513     52   27.12%     176      4
       11076     3.141078     4.310154     16    582     59   27.12%      88      4
       12076     3.141078     4.310154     16    614     57   27.12%      96      4
       13078     3.141078     4.310154     16    664     53   27.12%     188      4
    *  13112     3.141078     4.310154     17    659     57   27.12%       0      4
       14085     3.141078     3.382718     17    668     58    7.14%     186      4
    STOPPING - MIPRELSTOP target reached (MIPRELSTOP=0.0001  gap=3.53677e-07).
    STOPPING - MIPRELSTOP target reached (MIPRELSTOP=0.0001  gap=3.53677e-07).
     *** Search completed ***
    Uncrunching matrix
    Problem is nonlinear postsolved
    Heap usage: 6659KB (peak 340MB, 378KB system)
    Final MINLP objective (global optimum): 3.141077691326194e+00
    Final MINLP bound                     : 3.141078802254083e+00
      Max validation error      (abs/rel) :      .000 /      .000
      Max primal violation      (abs/rel) : 9.566e-07 / 9.566e-07
      Max integer violation     (abs    ) :       0.0
      Number of solutions found / nodes   :        17 /     14289
      Observed primal integral            :   27.943%
      Solution time / primaldual integral :      5.07s/ 66.773049%
      Work / work units per second        :      5.48 /      1.08
    *** MIP gap is less than MIPABSSTOP/MIPRELSTOP ***

... XPRESS stop status: gap sufficiently small (5)
... XPRESS sol status: optimal (1)
... Solving fixed model...
... This solver runs with a demo license. No commercial use.

    Problem classification: trigonometrical functions (416)
    Using bundled Knitro   [C:\GAMS\53]
    Using Xpress Knitro      [C:\GAMS\53\xknitro.dll]
    Loaded Knitro 15.0.1
    Original problem size
       linear:    708 rows, 612 columns, 1800 linear coefficients
       nonlinear: 208 coefficients, 3028 tokens
                  416 mul             0 div         0 sqrt
                  208 sin           208 cos         0 tan
    Nonlinear presolve
       compressing formula space (in use\total : 3236\6199)
       removed 214 formulas and 2962 formula tokens
       linear presolve removed 100 rows, 0 columns, 400 linear coefficients
       bound tightening reduced 400 bounds
    Presolved problem size
       linear:    608 rows, 613 columns, 1400 linear coefficients
       nonlinear: 208 coefficients, 3028 tokens
                  416 mul             0 div         0 sqrt
                  208 sin           208 cos         0 tan
    Problem is nonlinear presolved
    FICO Xpress v9.8.0, Hyper, solve started 2:12:14, May 20, 2026
    Control settings used:
    MIPADDCUTOFF = 0
    MIPRELCUTOFF = 0
    MIPABSSTOP = 0
    MIPRELSTOP = .0001
    INPUTTOL = 0
    NLPSOLVER = 1
    Maximum expanded nl-formula size: 18  (row 'transformx(11)')
    Total tokens: 3028
      16  parallel calculation threads
      Jacobian: automatic differentiation
      Hessian:  automatic differentiation
    Initial point objective:      .0000
    Absolute / relative validation:           9.886  /     1.000
    Maximizing problem using Knitro
               4 Hessian entries, 231 cumulative size
    Size of Jacobian: 438 (non-constant, constraints only)
    =======================================
              Commercial License
             Artelys Knitro 15.0.1
    =======================================
    Knitro using 1 thread.
    Knitro presolve eliminated 400 variables 
    and 0 constraints.
    act_lpsolver             3
    concurrent_evals         0
    feastol                  1e-06
    feastol_abs              0.001
    hessian_no_f             1
    numthreads               1
    opttol                   1e-06
    opttol_abs               0.001
    xpresslibname            C:\GAMS\53\xprs.dll
    Knitro fixing 400 variables eliminated from the presolve.
    Problem Characteristics                                 (   Presolved)
    -----------------------
    Objective goal:  Maximize
    Objective type:  general
    Number of variables:                                612 (         212)
        bounded below only:                               0 (           1)
        bounded above only:                               0 (           2)
        bounded below and above:                        212 (         209)
        fixed:                                          400 (           0)
        free:                                             0 (           0)
    Number of constraints:                              608 (         608)
        linear equalities:                                0 (           0)
        quadratic equalities:                             0 (           0)
        gen. nonlinear equalities:                      208 (         208)
        linear one-sided inequalities:                  400 (         400)
        quadratic one-sided inequalities:                 0 (           0)
        gen. nonlinear one-sided inequalities:            0 (           0)
        linear two-sided inequalities:                    0 (           0)
        quadratic two-sided inequalities:                 0 (           0)
        gen. nonlinear two-sided inequalities:            0 (           0)
    Number of nonzeros in Jacobian:                    1838 (        1438)
    Number of nonzeros in Hessian:                        4 (           4)
    
    Knitro using the 
    Interior-Point/Barrier Direct algorithm.
      Iter      Objective      FeasError   OptError    ||Step||    CGits 
    --------  --------------  ----------  ----------  ----------  -------
           0    0.000000e+00   9.887e+00
          10    3.141193e+00   7.168e-02   1.352e-02   8.739e+00        0
          13    3.141077e+00   1.171e-07   1.012e-07   1.152e-03        0
    EXIT: Locally optimal solution found.
    Final Statistics
    ----------------
    Final objective value               =   3.14107746107966e+00
    Final feasibility error (abs / rel) =   1.17e-07 / 1.18e-08
    Final optimality error  (abs / rel) =   1.01e-07 / 1.01e-07
    # of iterations                     =         13 
    # of CG iterations                  =          0 
    # of function evaluations           =         18
    # of gradient evaluations           =         16
    # of Hessian evaluations            =         13
    Total program time (secs)           =       0.014 (     0.016 CPU time)
    Time spent in evaluations (secs)    =       0.001
    ===============================================================================
    Problem solved using Xpress-NLP Knitro
    No unconverged values in active constraints
    Problem is nonlinear postsolved
    Heap usage: 3078KB (peak 340MB, 222KB system)
    Final NLP objective (local optimum)   : 3.141077461079663e+00
      Max validation error      (abs/rel) :      .000 /      .000
      Max primal violation      (abs/rel) : 1.171e-07 / 1.171e-07
      Total time                          :     .033s
    *** Search completed ***

... XPRESS stop status: normal (0)
... XPRESS sol status: feasible (2)

--- Reading solution for model emptysquare1
***
*** Solver did not provide marginals for model emptysquare1
***
--- Executing after solve: elapsed 0:00:05.274
--- LargestEmptyRotatedSquareEndogAngle.gms(149) 4 Mb
--- Generating MIQCP model emptysquare2
--- LargestEmptyRotatedSquareEndogAngle.gms(170) 6 Mb
---   710 rows  614 columns  2,450 non-zeroes
---   80 nl-code  40 nl-non-zeroes
---   400 discrete-columns
--- Range statistics (absolute non-zero finite values)
--- RHS       [min, max] : [ 1.000E+00, 3.000E+00] - Zero values observed as well
--- Bound     [min, max] : [ 1.000E-06, 2.000E+01] - Zero values observed as well
--- Matrix    [min, max] : [ 1.000E-06, 2.000E+01] - Zero values observed as well
--- LargestEmptyRotatedSquareEndogAngle.gms(170) 4 Mb
--- Executing XPRESS (Solvelink=2): elapsed 0:00:05.278

    Xpress           53.1.0 6a03d3b9 Feb 16, 2026          WEI x86 64bit/MS Window

... GMO Q Extraction (ThreePass): 0.00s
... This solver runs with a demo license. No commercial use.

    Original problem size
       linear:    709 rows, 613 columns, 2408 linear coefficients
       quadratic: 0 in obj, 9 rows, 26 in rows
    Nonlinear presolve
       converted 9 quadratic matrices to formulas
       linear presolve removed 200 rows, 200 columns, 200 linear coefficients
       simplify removed 16 tokens
       creating 6 '+' clusters removed 2 tokens
    Presolved problem size
       linear:    509 rows, 414 columns, 2208 linear coefficients
       nonlinear: 9 coefficients, 129 tokens
                 42 mul             0 div         0 sqrt
                  0 exp             0 log         2 pow
    Problem is nonlinear presolved
    FICO Xpress v9.8.0, Hyper, solve started 2:12:15, May 20, 2026
    Control settings used:
    MIPADDCUTOFF = 0
    MIPRELCUTOFF = 0
    MIPABSSTOP = 0
    MIPRELSTOP = .0001
    INPUTTOL = 0
    Maximum expanded nl-formula size: 22  (row 'transform2y(11)')
    Total tokens: 129
      16  parallel calculation threads
      Jacobian: symbolic differentiation
               9 base AD formula, 12.5556 average complexity
              40 in the Jacobian, 3.4 average complexity
    Initial point objective:      .0000
    Absolute / relative validation:           1.000  /     1.000
     ------------------- Calling global solver ----------------- 
    FICO Xpress v9.8.0, Hyper, solve started 2:12:15, May 20, 2026
    Heap usage: 750KB (peak 837KB, 410KB system)
    Maximizing Nonconvex-MIQCP  using up to 16 threads and up to 63GB memory
    Original problem has:
           509 rows          414 cols         2208 elements       400 entities
    Presolved problem has:
           509 rows          421 cols         2234 elements       400 entities
    Presolve finished in 0 seconds
    Heap usage: 2267KB (peak 2617KB, 410KB system)
    Coefficient range                    original                 solved        
      Coefficients   [min,max] : [ 6.35e-04,  2.00e+01] / [ 3.97e-05,  1.25e+00]
      RHS and bounds [min,max] : [ 1.00e-06,  2.00e+01] / [ 1.00e-06,  2.00e+01]
      Objective      [min,max] : [ 1.00e+00,  1.00e+00] / [ 1.00e+00,  1.00e+00]
    Autoscaling applied standard scaling
    Will try to keep branch and bound tree memory usage below 57.1GB
     *** Solution found:     1.444383   Time:   0.02    Heuristic: e ***
    Starting concurrent solve with dual (1 thread)
     Concurrent-Solve,   0s
                Dual        
        objective   sum inf 
     P  14.999993   .0000000
                            
    ------- optimal --------
    Concurrent statistics:
               Dual: 319 simplex iterations, 0.00s
    Optimal solution found
     
       Its         Obj Value      S   Ninf  Nneg        Sum Inf  Time
       319         14.999993      P      0     0        .000000     0
    Dual solved problem
      319 simplex iterations in 0.00 seconds at time 0
    Final objective                       : 1.499999250000375e+01
      Max primal violation      (abs/rel) :       0.0 /       0.0
      Max dual violation        (abs/rel) : 5.000e-07 / 5.000e-07
      Max complementarity viol. (abs/rel) :       0.0 /       0.0
    Starting root cutting & heuristics
    Deterministic mode with up to 2 additional threads
     
     Its Type    BestSoln    BestBound   Sols    Add    Del     Gap     GInf   Time
    P            1.813749    14.999993      2                 87.91%       0      0
    P            1.813749    14.999993      3                 87.91%       0      0
       1  K      1.813749    12.499998      3    403     29   85.49%     111      0
       2  K      1.813749    12.499998      3     68    361   85.49%     135      0
       3  K      1.813749    11.250005      3    403     73   83.88%     116      0
       4  K      1.813749    11.250005      3    207    399   83.88%     114      0
       5  K      1.813749    10.625008      3    403    194   82.93%     185      0
       6  K      1.813749    10.625008      3    403    368   82.93%     209      0
       7  K      1.813749    10.312510      3    403    387   82.41%     209      0
       8  K      1.813749    10.312510      3    369    428   82.41%     207      0
       9  K      1.813749    10.156260      3    403    364   82.14%     197      0
      10  K      1.813749    10.156260      3    403    447   82.14%     196      0
      11  K      1.813749    10.078135      3    403    372   82.00%     206      0
      12  K      1.813749    10.078135      3    403    398   82.00%     205      0
      13  K      1.813749    10.039073      3    403    401   81.93%     205      0
      14  K      1.813749    10.039073      3    403    436   81.93%     207      0
      15  K      1.813749    10.032384      3    403    378   81.92%     219      0
      16  K      1.813749    10.032383      3    403    429   81.92%     205      0
      17  K      1.813749    10.031719      3    403    405   81.92%      78      0
      18  K      1.813749    10.031719      3    394    379   81.92%      83      0
      19  K      1.813749    10.016192      3    403    397   81.89%      81      0
      20  K      1.813749    10.016192      3    403    386   81.89%      77      0
      21  K      1.813749    10.016192      3    403    418   81.89%      77      0
      22  K      1.813749    10.016192      3    403    354   81.89%     223      0
      23  K      1.813749    10.016192      3    403    380   81.89%     211      0
      24  K      1.813749    10.016192      3    403    433   81.89%     223      0
      25  K      1.813749    10.016192      3    403    815   81.89%     214      0
      26  G      1.813749    10.016192      3    279      0   81.89%     215      0
      27  G      1.813749    10.016192      3    403    698   81.89%     235      0
    Heuristic search 'R' started
    Heuristic search 'R' stopped
     
    Cuts in the matrix         : 89
    Cut elements in the matrix : 503
    Starting tree search.
    Deterministic mode with up to 16 running threads and up to 32 tasks.
    Heap usage: 5790KB (peak 7555KB, 421KB system)
     
        Node     BestSoln    BestBound   Sols Active  Depth     Gap     GInf   Time
           1     1.813749    10.007290      3      2      1   81.88%      80      0
           2     1.813749    10.007290      3      2      3   81.88%     203      0
           3     1.813749    10.005637      3      3      3   81.87%     222      0
           4     1.813749    10.005637      3      4      4   81.87%     200      0
           5     1.813749    10.003233      3      5      4   81.87%     220      0
           6     1.813749    10.003233      3      6      4   81.87%      54      0
           7     1.813749    10.003233      3      7      4   81.87%     105      0
           8     1.813749    10.003233      3      8      5   81.87%     202      0
           9     1.813749    10.003233      3      9      5   81.87%      70      0
          10     1.813749    10.003233      3     10      5   81.87%      72      0
          20     1.813749    10.003233      3     14      5   81.87%      73      0
          30     1.813749    10.001566      3     19      7   81.87%      53      0
          40     1.813749    10.001566      3     21      8   81.87%      55      0
          50     1.813749    10.001566      3     27      7   81.87%      86      0
          62     1.813749    10.000497      3     30      6   81.86%      38      0
          73     1.813749    10.000497      3     31      8   81.86%      51      0
          83     1.813749    10.000497      3     30      9   81.86%     205      0
          93     1.813749    10.000497      3     34     12   81.86%      46      0
         103     1.813749    10.000497      3     34      9   81.86%      72      0
    Elapsed time (sec): 0, estimated tree completion: 0.31020
    Heap usage: 270MB (peak 270MB, 3240KB system)
    B&B tree size: 0.5MB total
     
        Node     BestSoln    BestBound   Sols Active  Depth     Gap     GInf   Time
         206     1.813749    10.000033      3     42     12   81.86%      16      0
         307     1.813749    10.000033      3     66     12   81.86%      35      0
    *    404     1.932478     9.317631      4    100     19   79.26%       0      1
         422     1.932478     9.317631      4     83      1   79.26%       2      1
         526     1.932478     9.289595      4    131     15   79.20%     102      1
         629     1.932478     9.289595      4    182     14   79.20%     136      1
    *    663     2.059365     9.289595      5    196     26   77.83%       0      1
         734     2.059365     9.289595      5    211     14   77.83%      35      1
    N    762     2.079030     9.289595      6    222     28   77.62%       0      1
         837     2.079030     9.289595      6    242     25   77.62%      46      1
    N    844     2.658530     9.289595      7    244     32   71.38%       0      1
         947     2.658530     9.289595      7    224     22   71.38%      40      1
        1047     2.658530     9.289595      7    229     23   71.38%     121      1
    E   1072     2.931567     9.289595      8    236     22   68.44%       0      1
        1147     2.931567     9.289595      8    213      1   68.44%       2      1
        1255     2.931567     9.289595      8    221     27   68.44%      10      1
        1359     2.931567     9.289595      8    226     27   68.44%       2      1
        1459     2.931567     6.716402      8    226     13   56.35%     102      1
        1560     2.931567     6.716402      8    225     22   56.35%     102      1
    *   1661     3.117960     6.716402      9    199     25   53.58%       0      1
    Elapsed time (sec): 1, estimated tree completion: 0.62370
    Heap usage: 274MB (peak 290MB, 3243KB system)
    B&B tree size: 2.3MB total
     
        Node     BestSoln    BestBound   Sols Active  Depth     Gap     GInf   Time
        1663     3.117960     6.716402      9    199     25   53.58%       2      1
        1763     3.117960     6.716402      9    139     17   53.58%      69      1
    E   1808     3.134471     6.716402     10    141     21   53.33%       0      1
        1864     3.134471     6.716402     10    142     18   53.33%      89      1
        1964     3.134471     6.716402     10    114     21   53.33%      38      1
        2065     3.134471     6.716402     10     98     20   53.33%      42      1
        2170     3.134471     6.716402     10     79     15   53.33%      95      1
        2270     3.134471     6.716402     10     68     16   53.33%     131      1
        2374     3.134471     6.716402     10     50     20   53.33%      27      1
        2476     3.134471     6.716402     10     35     20   53.33%     128      1
    *   2530     3.140864     6.700186     11     35     20   53.12%       0      1
    N   2563     3.141077     6.700186     12     32     21   53.12%       0      1
    *   2570     3.141077     6.700186     13     31     23   53.12%       0      1
        2578     3.141077     6.700186     13     31     20   53.12%     109      1
    *   2588     3.141079     6.700186     14     31     24   53.12%       0      1
        2683     3.141079     6.437570     14     18     24   51.21%      28      1
        2787     3.141079     5.813931     14     10     25   45.97%     111      1
        2887     3.141079     5.375013     14      3     28   41.56%      83      1
     *** Search completed ***
    Uncrunching matrix
    Problem is nonlinear postsolved
    Heap usage: 6422KB (peak 290MB, 366KB system)
    Final MINLP objective (global optimum): 3.141079332569648e+00
    Final MINLP bound                     : 3.141079332569648e+00
      Max validation error      (abs/rel) :      .000 /      .000
      Max primal violation      (abs/rel) : 2.504e-06 / 1.188e-06
      Max integer violation     (abs    ) :       0.0
      Number of solutions found / nodes   :        14 /      2899
      Observed primal integral            :   31.572%
      Solution time / primaldual integral :      1.76s/ 74.025379%
      Work / work units per second        :      2.78 /      1.57
    *** Search completed ***

... XPRESS stop status: normal (0)
... XPRESS sol status: optimal (1)
... Solving fixed model...
... This solver runs with a demo license. No commercial use.

    Using bundled Knitro   [C:\GAMS\53]
    Using Xpress Knitro      [C:\GAMS\53\xknitro.dll]
    Loaded Knitro 15.0.1
    Original problem size
       linear:    709 rows, 613 columns, 2408 linear coefficients
       quadratic: 0 in obj, 9 rows, 26 in rows
    Nonlinear presolve
       converted 9 quadratic matrices to formulas
       linear presolve removed 587 rows, 600 columns, 2009 linear coefficients
       bound tightening reduced 1 bound
       simplify removed 16 tokens
       converted 9 SLP quadratic matrix to a QCQP/SOCP matrix
       creating 6 '+' clusters removed 2 tokens
    Presolved problem size
       linear:    122 rows, 14 columns, 399 linear coefficients
       quadratic: 0 in obj, 9 rows, 26 in rows
    Problem is nonlinear presolved
    Problem classification: non-convex quadratic problem
    FICO Xpress v9.8.0, Hyper, solve started 2:12:16, May 20, 2026
    Control settings used:
    MIPADDCUTOFF = 0
    MIPRELCUTOFF = 0
    MIPABSSTOP = 0
    MIPRELSTOP = .0001
    INPUTTOL = 0
    NLPSOLVER = 1
    Total tokens: 129
    Quadratic formula size: 26
      16  parallel calculation threads
      Jacobian: automatic differentiation
      Hessian:  automatic differentiation
    Initial point is within initial feasibility target with objective:     3.1410
    Absolute / relative validation:            .000  /      .000
    Maximizing problem using Knitro
    Size of Jacobian: 0 (non-constant, constraints only)
    =======================================
              Commercial License
             Artelys Knitro 15.0.1
    =======================================
    Knitro using 1 thread.
    Knitro presolve eliminated 1 variable 
    and 0 constraints.
    act_lpsolver             3
    concurrent_evals         0
    feastol                  1e-06
    feastol_abs              0.001
    hessian_no_f             1
    numthreads               1
    opttol                   1e-06
    opttol_abs               0.001
    xpresslibname            C:\GAMS\53\xprs.dll
    The problem is identified as a QCQP.
    Knitro fixing 1 variable eliminated from the presolve.
    Problem Characteristics                                 (   Presolved)
    -----------------------
    Objective goal:  Maximize
    Objective type:  linear
    Number of variables:                                 14 (          13)
        bounded below only:                               0 (           0)
        bounded above only:                               0 (           0)
        bounded below and above:                         13 (          13)
        fixed:                                            1 (           0)
        free:                                             0 (           0)
    Number of constraints:                              122 (         122)
        linear equalities:                                0 (           0)
        quadratic equalities:                             9 (           9)
        gen. nonlinear equalities:                        0 (           0)
        linear one-sided inequalities:                  113 (         113)
        quadratic one-sided inequalities:                 0 (           0)
        gen. nonlinear one-sided inequalities:            0 (           0)
        linear two-sided inequalities:                    0 (           0)
        quadratic two-sided inequalities:                 0 (           0)
        gen. nonlinear two-sided inequalities:            0 (           0)
    Number of nonzeros in Jacobian:                     439 (         439)
    Number of nonzeros in Hessian:                        8 (           8)
    
    Knitro using the 
    Interior-Point/Barrier Direct algorithm.
      Iter      Objective      FeasError   OptError    ||Step||    CGits 
    --------  --------------  ----------  ----------  ----------  -------
           0    0.000000e+00   1.000e+00
          10   -2.269324e+00   9.510e-01   1.000e+00   1.873e-01        0
          20   -1.952048e+01   5.661e+00   1.312e+04   6.285e+01        0
          30   -1.965802e+01   4.737e+00   6.175e-01   7.161e+00        0
          40   -1.789189e+01   7.313e-01   1.024e+00   1.027e+00        0
          50   -9.714448e+00   8.303e-04   1.000e+00   3.082e-01        0
          60    2.398006e+00   5.226e-01   1.000e+00   3.812e+00        0
          68    3.141077e+00   1.612e-10   4.449e-11   2.571e-05        0
    EXIT: Locally optimal solution found.
    Final Statistics
    ----------------
    Final objective value               =   3.14107746679110e+00
    Final feasibility error (abs / rel) =   1.61e-10 / 1.61e-10
    Final optimality error  (abs / rel) =   4.45e-11 / 4.45e-11
    # of iterations                     =         68 
    # of CG iterations                  =         15 
    # of function evaluations           =          0
    # of gradient evaluations           =          0
    # of Hessian evaluations            =          0
    Total program time (secs)           =       0.016 (     0.016 CPU time)
    Time spent in evaluations (secs)    =       0.000
    ===============================================================================
    Problem solved using Xpress-NLP Knitro
    No unconverged values in active constraints
    Problem is nonlinear postsolved
    Heap usage: 2973KB (peak 290MB, 209KB system)
    Final NLP objective (local optimum)   : 3.141077466791097e+00
      Max validation error      (abs/rel) :      .000 /      .000
      Max primal violation      (abs/rel) : 1.612e-10 / 2.814e-11
      Total time                          :     .027s
    *** Search completed ***

... XPRESS stop status: normal (0)
... XPRESS sol status: feasible (2)

--- Reading solution for model emptysquare2
***
*** Solver did not provide marginals for model emptysquare2
***
--- Executing after solve: elapsed 0:00:07.212
--- LargestEmptyRotatedSquareEndogAngle.gms(339) 6 Mb
--- Putfile fdata C:\projects\OptimizationModels\Largest Empty Square\data.js
*** Status: Normal completion
--- Job LargestEmptyRotatedSquareEndogAngle.gms Stop 05/20/26 02:12:17 elapsed 0:00:07.490
