******************************************************************************
This program contains Ipopt, a library for large-scale nonlinear optimization.
 Ipopt is released as open source code under the Eclipse Public License (EPL).
         For more information visit https://github.com/coin-or/Ipopt
******************************************************************************

This is Ipopt version 3.14.19, running with linear solver MUMPS 5.8.2.

Number of nonzeros in equality constraint Jacobian...:      200
Number of nonzeros in inequality constraint Jacobian.:        2
Number of nonzeros in Lagrangian Hessian.............:       50

Total number of variables............................:      101
                     variables with only lower bounds:      101
                variables with lower and upper bounds:        0
                     variables with only upper bounds:        0
Total number of equality constraints.................:       77
Total number of inequality constraints...............:        1
        inequality constraints with only lower bounds:        1
   inequality constraints with lower and upper bounds:        0
        inequality constraints with only upper bounds:        0

iter    objective    inf_pr   inf_du lg(mu)  ||d||  lg(rg) alpha_du alpha_pr  ls
   0 -1.0771592e+00 1.73e+00 7.53e+00  -1.0 0.00e+00    -  0.00e+00 0.00e+00   0
   1 -1.0543359e+00 1.71e+00 7.43e+00  -1.0 7.43e+00    -  1.08e-02 1.27e-02h  1
   2 -5.2424573e-01 1.57e+00 6.93e+00  -1.0 1.50e+00    -  1.48e-02 8.05e-02f  1
   3  5.1546107e+00 1.29e-03 4.05e+00  -1.0 1.61e+00    -  2.10e-01 1.00e+00f  1
   4  5.3304284e+00 1.10e-02 2.36e-01  -1.0 8.53e-01    -  8.00e-01 1.00e+00f  1
   5  5.4552712e+00 3.33e-03 6.12e-02  -1.7 5.62e-01    -  9.50e-01 1.00e+00h  1
   6  5.4664981e+00 4.12e-03 4.10e-03  -2.5 6.58e-01    -  9.85e-01 1.00e+00h  1
   7  5.4544831e+00 1.53e-04 2.29e-04  -3.8 1.43e-01    -  1.00e+00 1.00e+00h  1
   8  5.4534642e+00 4.58e-06 1.74e-05  -5.7 2.21e-02    -  1.00e+00 1.00e+00h  1
   9  5.4534257e+00 2.63e-09 7.16e-08  -5.7 4.86e-04    -  1.00e+00 1.00e+00h  1
iter    objective    inf_pr   inf_du lg(mu)  ||d||  lg(rg) alpha_du alpha_pr  ls
  10  5.4534276e+00 2.92e-10 3.59e-10  -8.6 1.86e-04    -  1.00e+00 1.00e+00h  1

Number of Iterations....: 10

                                   (scaled)                 (unscaled)
Objective...............:  -5.4534275726820365e+00    5.4534275726820365e+00
Dual infeasibility......:   3.5908250119155526e-10    3.5908250119155526e-10
Constraint violation....:   2.9231839171472984e-10    2.9231839171472984e-10
Variable bound violation:   0.0000000000000000e+00    0.0000000000000000e+00
Complementarity.........:   2.9982780235857593e-09    2.9982780235857593e-09
Overall NLP error.......:   2.9982780235857593e-09    2.9982780235857593e-09


Number of objective function evaluations             = 11
Number of objective gradient evaluations             = 11
Number of equality constraint evaluations            = 11
Number of inequality constraint evaluations          = 11
Number of equality constraint Jacobian evaluations   = 11
Number of inequality constraint Jacobian evaluations = 11
Number of Lagrangian Hessian evaluations             = 10
Total seconds in IPOPT                               = 3.335

EXIT: Optimal Solution Found.
26×5 DataFrame
 Row │ t      C         Y        K        I         
     │ Int64  Float64   Float64  Float64  Float64
─────┼──────────────────────────────────────────────
   1 │     0  0.95      1.0      3.0      0.05
   2 │     1  0.950963  1.02156  2.99     0.0706008
   3 │     2  0.966444  1.04541  3.0008   0.0789612
   4 │     3  0.983589  1.07052  3.01975  0.086934
   5 │     4  1.00234   1.09692  3.04629  0.0945739
   6 │     5  1.02266   1.12459  3.07993  0.10193
   7 │     6  1.0445    1.15355  3.12026  0.109045
   8 │     7  1.06783   1.18379  3.1669   0.115959
   9 │     8  1.09261   1.21532  3.21952  0.122708
  10 │     9  1.11883   1.24815  3.27784  0.129321
  11 │    10  1.14647   1.28229  3.34161  0.135828
  12 │    11  1.1755    1.31775  3.4106   0.142253
  13 │    12  1.20593   1.35455  3.48464  0.148617
  14 │    13  1.23775   1.39269  3.56357  0.15494
  15 │    14  1.27095   1.43219  3.64724  0.161238
  16 │    15  1.30556   1.47308  3.73553  0.167525
  17 │    16  1.34156   1.51537  3.82834  0.173811
  18 │    17  1.37898   1.55909  3.92559  0.180103
  19 │    18  1.41784   1.60425  4.02718  0.186407
  20 │    19  1.45816   1.65089  4.13304  0.192724
  21 │    20  1.49997   1.69902  4.24311  0.199051
  22 │    21  1.5433    1.74868  4.35729  0.20538
  23 │    22  1.58819   1.79989  4.47553  0.211698
  24 │    23  1.63468   1.85267  4.59772  0.217985
  25 │    24  1.68283   1.90705  4.72375  0.224214
  26 │    25  1.72037   1.96305  4.85349  0.242674
W: 5.4534275726820365