Min(hin):  -0.1 Max(abs(heq)):  0.7405959 
Outer iteration:  1 
Min(hin):  -0.1 Max(abs(heq)):  0.7405959 
par:  0.95 0.95 0.95 0.95 0.95 0.95 0.95 0.95 0.95 0.95 0.95 0.95 0.95 0.95 0.95 0.95 0.95 0.95 0.95 0.95 0.95 0.95 0.95 0.95 0.95 0.95 1 1 1 1 1 1 1 1 1 1 1 1 1 1 1 1 1 1 1 1 1 1 1 1 1 1 3 3 3 3 3 3 3 3 3 3 3 3 3 3 3 3 3 3 3 3 3 3 3 3 3 3 0.05 0.05 0.05 0.05 0.05 0.05 0.05 0.05 0.05 0.05 0.05 0.05 0.05 0.05 0.05 0.05 0.05 0.05 0.05 0.05 0.05 0.05 0.05 0.05 0.05 0.05 
fval =   1.077 
 
Outer iteration:  2 
Min(hin):  0.04751261 Max(abs(heq)):  0.1130587 
par:  0.992594 1.07081 1.09086 1.10529 1.11615 1.12509 1.14061 1.16392 1.19518 1.22955 1.26429 1.29732 1.32843 1.35945 1.3877 1.41778 1.4418 1.46477 1.48413 1.5008 1.51372 1.53322 1.57136 1.66905 1.8843 1.73253 1.12 1.11864 1.14264 1.16488 1.19035 1.21637 1.24513 1.27516 1.30687 1.33891 1.3715 1.40448 1.43843 1.47293 1.50878 1.54618 1.58491 1.62601 1.66993 1.71692 1.76791 1.8237 1.88351 1.94598 2.00586 2.07686 3.08414 3.19577 3.1925 3.19316 3.20018 3.22149 3.25851 3.30756 3.36159 3.41446 3.4633 3.5084 3.55206 3.59734 3.64463 3.6982 3.75774 3.83039 3.91942 4.03105 4.17043 4.3448 4.55185 4.77611 4.96034 4.98527 0.0922529 -0.0199431 -0.0157887 -0.00892593 0.00575922 0.0222862 0.0353476 0.0416303 0.0418534 0.0391898 0.0367329 0.0364224 0.039122 0.0422811 0.0496997 0.0569041 0.0713877 0.0893694 0.113866 0.143994 0.181916 0.218187 0.239682 0.204279 0.0487772 0.296776 
fval =   -6.711 
 
Outer iteration:  3 
Min(hin):  -0.0001289302 Max(abs(heq)):  0.001523877 
par:  0.950066 0.953437 0.96823 0.984393 1.00294 1.02413 1.04711 1.07079 1.09494 1.12004 1.14665 1.17495 1.20499 1.23688 1.27048 1.30587 1.34234 1.37998 1.41854 1.45833 1.49971 1.54338 1.58981 1.63849 1.6882 1.72164 1.00027 1.02328 1.04578 1.07204 1.0977 1.12585 1.15456 1.18493 1.21613 1.24897 1.28309 1.31871 1.35544 1.39399 1.43362 1.47457 1.51701 1.56074 1.60573 1.65248 1.70069 1.75031 1.80178 1.85483 1.90914 1.96485 3.00091 2.99228 3.00426 3.02288 3.05177 3.08654 3.12768 3.17344 3.225 3.28243 3.34647 3.41676 3.49287 3.574 3.66022 3.75066 3.84471 3.94283 4.04503 4.15142 4.26267 4.37852 4.49787 4.61992 4.74399 4.87019 0.0504945 0.0709581 0.0780052 0.0886077 0.0952203 0.102318 0.107846 0.114603 0.121544 0.129299 0.136825 0.144116 0.150701 0.157429 0.163407 0.168867 0.174849 0.180918 0.18722 0.194221 0.201051 0.206885 0.21197 0.21641 0.221023 0.243381 
fval =   -5.472 
 
Outer iteration:  4 
Min(hin):  -6.441312e-06 Max(abs(heq)):  2.857182e-05 
par:  0.949991 0.949726 0.96545 0.982394 1.00151 1.02234 1.04501 1.06867 1.09332 1.11889 1.14583 1.17431 1.20454 1.23633 1.26996 1.30535 1.34185 1.37962 1.41852 1.45845 1.50001 1.54386 1.59009 1.63848 1.68819 1.7212 1.00001 1.0216 1.04555 1.07077 1.09729 1.12506 1.15409 1.18433 1.21582 1.24863 1.28282 1.31838 1.35534 1.39367 1.43341 1.47448 1.51692 1.56073 1.60598 1.65268 1.70094 1.75075 1.80207 1.85484 1.90901 1.96464 3.00003 2.99008 3.0022 3.02229 3.05025 3.08506 3.1261 3.17266 3.22488 3.28288 3.34697 3.41703 3.49277 3.57372 3.6596 3.74986 3.844 3.9422 4.04447 4.15104 4.26225 4.37793 4.49726 4.6193 4.74327 4.86924 0.0500229 0.0718969 0.0801138 0.0883906 0.0957994 0.10273 0.109083 0.115664 0.122503 0.129744 0.136998 0.144076 0.150801 0.157346 0.163456 0.169137 0.175076 0.181112 0.187463 0.194227 0.200929 0.206888 0.211981 0.21636 0.22083 0.243456 
fval =   -5.454 
 
Outer iteration:  5 
Min(hin):  -1.205817e-06 Max(abs(heq)):  2.656057e-05 
par:  0.949998 0.94967 0.965404 0.982355 1.00147 1.02233 1.045 1.06867 1.09333 1.11889 1.14582 1.1743 1.20454 1.23633 1.26995 1.30535 1.34184 1.37962 1.41851 1.45845 1.50001 1.54386 1.59008 1.63847 1.68818 1.72118 1.00001 1.02158 1.04553 1.07075 1.09727 1.12506 1.15409 1.18433 1.21583 1.24864 1.28281 1.31838 1.35534 1.39368 1.4334 1.47449 1.51692 1.56073 1.60597 1.65268 1.70094 1.75075 1.80207 1.85484 1.90901 1.96464 3.00003 2.99006 3.00219 3.02228 3.05024 3.08503 3.12608 3.17265 3.22487 3.28289 3.34698 3.41704 3.49277 3.57372 3.65959 3.74985 3.844 3.94219 4.04447 4.15104 4.26225 4.37793 4.49726 4.61929 4.74326 4.86923 0.0500173 0.0719141 0.080132 0.0883967 0.0958014 0.102735 0.109091 0.115667 0.122508 0.129749 0.136992 0.144075 0.150799 0.157349 0.163452 0.169142 0.175074 0.181119 0.187458 0.194231 0.200932 0.206887 0.211978 0.216363 0.220829 0.24346 
fval =   -5.454 
 
Outer iteration:  6 
Min(hin):  4.876042e-07 Max(abs(heq)):  3.669441e-06 
par:  0.949999 0.949624 0.965376 0.98234 1.00146 1.02231 1.04498 1.06865 1.09331 1.11888 1.14581 1.1743 1.20454 1.23633 1.26995 1.30535 1.34184 1.37962 1.41851 1.45845 1.50001 1.54386 1.59009 1.63848 1.68818 1.72118 1 1.02157 1.04552 1.07075 1.09727 1.12506 1.15408 1.18432 1.21582 1.24863 1.28281 1.31838 1.35534 1.39368 1.43341 1.47449 1.51692 1.56073 1.60597 1.65268 1.70093 1.75075 1.80207 1.85484 1.90901 1.96464 3 2.99001 3.00216 3.02226 3.05023 3.08504 3.12608 3.17265 3.22487 3.28288 3.34698 3.41703 3.49277 3.57372 3.65959 3.74985 3.844 3.94219 4.04447 4.15104 4.26224 4.37793 4.49726 4.61929 4.74327 4.86923 0.0500028 0.0719441 0.08015 0.0884088 0.0958113 0.102743 0.109097 0.115673 0.122514 0.129753 0.136997 0.144077 0.1508 0.157349 0.163452 0.169143 0.175077 0.181117 0.18746 0.194229 0.200927 0.206886 0.211978 0.21636 0.220829 0.243462 
fval =   -5.453 
 
Outer iteration:  7 
Min(hin):  4.307232e-07 Max(abs(heq)):  3.256118e-06 
par:  0.950001 0.949617 0.965372 0.982336 1.00146 1.02231 1.04499 1.06865 1.09331 1.11888 1.14581 1.1743 1.20454 1.23633 1.26995 1.30535 1.34184 1.37962 1.41851 1.45845 1.50001 1.54386 1.59009 1.63848 1.68819 1.72118 1 1.02156 1.04552 1.07075 1.09727 1.12506 1.15408 1.18433 1.21583 1.24863 1.28281 1.31838 1.35534 1.39368 1.4334 1.47449 1.51692 1.56073 1.60597 1.65268 1.70094 1.75075 1.80207 1.85484 1.90901 1.96464 3 2.99001 3.00215 3.02226 3.05022 3.08503 3.12607 3.17265 3.22487 3.28289 3.34698 3.41704 3.49277 3.57372 3.65959 3.74985 3.844 3.94219 4.04447 4.15104 4.26225 4.37793 4.49726 4.61929 4.74326 4.86923 0.050001 0.071947 0.0801522 0.0884087 0.0958095 0.102743 0.109097 0.115673 0.122513 0.129752 0.136995 0.144076 0.1508 0.157349 0.163451 0.169143 0.175076 0.181117 0.187459 0.19423 0.200929 0.206887 0.211978 0.21636 0.220829 0.243462 
fval =   -5.453 
 
Outer iteration:  8 
Min(hin):  -1.85032e-07 Max(abs(heq)):  1.00107e-06 
par:  0.949999 0.949616 0.965371 0.982337 1.00146 1.02231 1.04499 1.06865 1.09331 1.11888 1.14581 1.1743 1.20454 1.23633 1.26995 1.30535 1.34184 1.37962 1.41851 1.45845 1.50001 1.54386 1.59009 1.63848 1.68818 1.72118 1 1.02156 1.04552 1.07075 1.09727 1.12506 1.15408 1.18432 1.21583 1.24863 1.28281 1.31838 1.35534 1.39368 1.4334 1.47449 1.51692 1.56073 1.60597 1.65268 1.70093 1.75075 1.80207 1.85484 1.90901 1.96464 3 2.99 3.00215 3.02226 3.05022 3.08503 3.12607 3.17265 3.22487 3.28289 3.34698 3.41704 3.49277 3.57372 3.65959 3.74985 3.844 3.94219 4.04447 4.15104 4.26225 4.37793 4.49726 4.61929 4.74326 4.86923 0.0500009 0.0719479 0.0801521 0.088409 0.0958103 0.102743 0.109097 0.115673 0.122514 0.129752 0.136996 0.144076 0.1508 0.157349 0.163452 0.169143 0.175076 0.181118 0.18746 0.19423 0.200928 0.206886 0.211978 0.21636 0.220829 0.243461 
fval =   -5.453 
 
    t         C        Y        K          I
1   0 0.9500000 1.000000 3.000000 0.05000001
2   1 0.9496141 1.021564 2.990000 0.07194949
3   2 0.9653700 1.045523 3.002149 0.08015302
4   3 0.9823360 1.070746 3.022260 0.08840976
5   4 1.0014612 1.097272 3.050224 0.09581083
6   5 1.0223130 1.125056 3.085030 0.10274301
7   6 1.0449860 1.154083 3.126073 0.10909685
8   7 1.0686511 1.184324 3.172648 0.11567306
9   8 1.0933109 1.215825 3.224868 0.12251399
10  9 1.1188810 1.248633 3.282885 0.12975224
11 10 1.1458137 1.282809 3.346980 0.13699569
12 11 1.1742996 1.318376 3.417036 0.14407604
13 12 1.2045366 1.355337 3.492771 0.15080020
14 13 1.2363299 1.393679 3.573716 0.15734871
15 14 1.2699520 1.433404 3.659590 0.16345215
16 15 1.3053476 1.474490 3.749850 0.16914285
17 16 1.3418418 1.516918 3.843996 0.17507628
18 17 1.3796162 1.560734 3.942193 0.18111741
19 18 1.4185106 1.605970 4.044466 0.18745972
20 19 1.4584524 1.652682 4.151037 0.19422955
21 20 1.5000065 1.700935 4.262245 0.20092836
22 21 1.5438599 1.750746 4.377929 0.20688614
23 22 1.5900885 1.802066 4.497256 0.21197801
24 23 1.6384758 1.854836 4.619289 0.21636057
25 24 1.6881848 1.909014 4.743264 0.22082892
26 25 1.7211772 1.964639 4.869228 0.24346139
Utility = 5.453402 
