
--- Job ramseyF.gms Start 03/09/26 17:07:46 53.1.0 6a03d3b9 WEX-WEI x86 64bit/MS Windows
--- Applying:
    C:\GAMS\53\gmsprmNT.txt
    C:\Users\erwin\Documents\GAMS\gamsconfig.yaml
--- GAMS Parameters defined
    MIP CPLEX
    Input "C:\projects\OptimizationModels\Ramsey Growth Model\ramseyF.gms"
    PageWidth 130
    PageSize 0
    ScrDir "C:\projects\OptimizationModels\Ramsey Growth Model\225a\"
    SysDir C:\GAMS\53\
    LogOption 3
    AppendLog 1
    ErrMsg 1
    ErrorLog 99
    IDE 1
    LstTitleLeftAligned 1
Licensee: Erwin Kalvelagen                               G260201+0003Cc-GEN
          Amsterdam Optimization Modeling Group                     DCE4744
          225a\gamslice.dat
          8ed7e271-7287-4ff2
          node:23592203 mem:64 cores:8 ipport:57102 v:2                    
          Evaluation license: Not for commercial or production use
          The time-limited license stops working on : Aug 30, 2026
System information: 8 physical cores and 64 Gb physical memory detected
GAMS 53.1.0   Copyright (C) 1987-2026 GAMS Development. All rights reserved
--- Starting compilation
--- ramseyF.gms(144) 3 Mb
--- Starting execution: elapsed 0:00:00.033
--- ramseyF.gms(128) 4 Mb
--- Generating NLP model ramsey
--- ramseyF.gms(135) 6 Mb
---   79 rows  105 columns  234 non-zeroes
---   287 nl-code  52 nl-non-zeroes
--- Range statistics (absolute non-zero finite values)
--- RHS       [min, max] : [        NA,        NA] - Zero values observed as well
--- Bound     [min, max] : [ 1.000E-03, 3.000E+00] - Zero values observed as well
--- Matrix    [min, max] : [ 5.000E-02, 3.498E+00]
--- ramseyF.gms(135) 4 Mb
--- Executing CONOPT (Solvelink=2): elapsed 0:00:00.036

CONOPT 4         53.1.0 6a03d3b9 Feb 16, 2026          WEI x86 64bit/MS Window

 
 
    C O N O P T   version 4.39.0
    Copyright (C) GAMS Software GmbH
                  GAMS Development Corporation
 
    Will use up to 4 threads.
 
 
    The user model has 79 constraints and 105 variables
    with 234 Jacobian elements, 52 of which are nonlinear.
    The Hessian of the Lagrangian has 52 elements on the diagonal,
    0 elements below the diagonal, and 52 nonlinear variables.
 
    Iter Phase   Ninf   Infeasibility   RGmax      NSB   Step  InItr MX OK
       0   0          8.8817841970E-16 (Input point)
 
    The pre-triangular part of the model has 4 constraints and 6 variables.
    The post-triangular part of the model has 3 constraints and variables.
    There are 44 definitional constraints and defined variables.
 
    Preprocessed model has 28 constraints and 52 variables
    with 163 Jacobian elements, 84 of which are nonlinear.
 
    Iter Phase   Ninf   Infeasibility   RGmax      NSB   Step  InItr MX OK
                      4.0523140399E-15 (Full preprocessed model)
                      1.8318679906E-15 (After scaling)
 
 ** Feasible solution. Value of objective =    5.36827431659
 
    Iter Phase   Ninf     Objective     RGmax      NSB   Step  InItr MX OK
       1   3          5.4416792784E+00 2.6E-01      24 2.2E-01     1 F  T
       6   4          5.4534275370E+00 7.2E-08      24
 
 ** Optimal solution. Reduced gradient less than tolerance.
 
--- Reading solution for model ramsey
--- Executing after solve: elapsed 0:00:00.217
--- ramseyF.gms(144) 4 Mb
*** Status: Normal completion
--- Job ramseyF.gms Stop 03/09/26 17:07:46 elapsed 0:00:00.217
