| niter |f evals|CG iter|  obj func   |tr radius |   opt    |  c viol  |
|-------|-------|-------|-------------|----------|----------|----------|
|   1   |  105  |   0   | +1.0772e+00 | 1.00e+00 | 1.44e+00 | 7.41e-01 |
|   2   |  210  |   1   | -5.7010e-01 | 7.00e+00 | 7.97e-01 | 7.41e-01 |
|   3   |  315  |   4   | -4.2307e+00 | 2.96e+01 | 1.24e-01 | 4.77e-01 |
|   4   |  420  |   9   | -5.0216e+00 | 2.96e+01 | 1.29e-01 | 3.33e-01 |
|   5   |  525  |  15   | -5.1623e+00 | 2.96e+01 | 1.40e-01 | 1.77e-01 |
|   6   |  630  |  24   | -5.0480e+00 | 2.96e+01 | 1.44e-01 | 7.35e-02 |
|   7   |  735  |  28   | -5.1438e+00 | 2.96e+01 | 1.37e-01 | 4.38e-02 |
|   8   |  840  |  34   | -5.2895e+00 | 2.96e+01 | 1.02e-01 | 2.77e-02 |
|   9   |  945  |  47   | -5.1425e+00 | 5.87e+01 | 7.63e-02 | 4.49e-02 |
|  10   |  945  |  47   | -5.1425e+00 | 2.93e+02 | 6.37e-02 | 4.49e-02 |
|  11   | 1050  |  73   | -5.4550e+00 | 2.93e+02 | 3.60e-02 | 3.46e-02 |
|  12   | 1155  |  91   | -5.4550e+00 | 2.93e+01 | 3.60e-02 | 3.46e-02 |
|  13   | 1260  |  108  | -5.4550e+00 | 2.93e+00 | 3.60e-02 | 3.46e-02 |
|  14   | 1365  |  116  | -5.4550e+00 | 1.40e+00 | 3.60e-02 | 3.46e-02 |
|  15   | 1470  |  120  | -5.3997e+00 | 9.81e+00 | 3.05e-02 | 1.86e-02 |
|  16   | 1575  |  133  | -5.3158e+00 | 9.81e+00 | 3.11e-02 | 1.16e-02 |
|  17   | 1680  |  147  | -5.3158e+00 | 1.57e+00 | 3.11e-02 | 1.16e-02 |
|  18   | 1785  |  153  | -5.3358e+00 | 1.10e+01 | 2.03e-02 | 6.83e-03 |
|  19   | 1890  |  166  | -5.3358e+00 | 1.28e+00 | 2.03e-02 | 6.83e-03 |
|  20   | 1995  |  171  | -5.3353e+00 | 8.98e+00 | 1.58e-02 | 3.94e-03 |
|  21   | 2100  |  183  | -5.3025e+00 | 8.98e+00 | 1.59e-02 | 2.19e-03 |
|  22   | 2205  |  191  | -5.2953e+00 | 8.98e+00 | 1.56e-02 | 1.13e-03 |
|  23   | 2310  |  200  | -5.2862e+00 | 8.98e+00 | 1.50e-02 | 5.91e-04 |
|  24   | 2415  |  206  | -5.2862e+00 | 8.98e+00 | 1.36e-02 | 3.01e-04 |
|  25   | 2415  |  206  | -5.2862e+00 | 4.49e+01 | 2.74e-02 | 3.01e-04 |
|  26   | 2520  |  218  | -5.4459e+00 | 4.49e+01 | 9.39e-03 | 5.50e-03 |
|  27   | 2625  |  227  | -5.4569e+00 | 4.49e+01 | 1.94e-03 | 3.79e-03 |
|  28   | 2730  |  236  | -5.4466e+00 | 4.49e+01 | 2.48e-03 | 1.91e-03 |
|  29   | 2835  |  240  | -5.4422e+00 | 4.49e+01 | 2.10e-03 | 9.61e-04 |
|  30   | 2940  |  248  | -5.4431e+00 | 4.49e+01 | 1.61e-03 | 5.30e-04 |
|  31   | 2940  |  248  | -5.4431e+00 | 2.24e+02 | 3.38e-03 | 5.30e-04 |
|  32   | 3045  |  255  | -5.4494e+00 | 2.24e+02 | 1.71e-03 | 6.15e-04 |
|  33   | 3150  |  263  | -5.4494e+00 | 2.24e+01 | 1.71e-03 | 6.15e-04 |
|  34   | 3255  |  271  | -5.4494e+00 | 2.24e+00 | 1.71e-03 | 6.15e-04 |
|  35   | 3360  |  280  | -5.4506e+00 | 2.64e+00 | 9.73e-04 | 3.37e-04 |
|  36   | 3465  |  290  | -5.4503e+00 | 2.64e+00 | 9.66e-04 | 1.74e-04 |
|  37   | 3570  |  296  | -5.4502e+00 | 2.64e+00 | 9.03e-04 | 9.04e-05 |
|  38   | 3675  |  303  | -5.4503e+00 | 2.64e+00 | 8.77e-04 | 4.67e-05 |
|  39   | 3780  |  305  | -5.4502e+00 | 2.64e+00 | 8.58e-04 | 2.35e-05 |
|  40   | 3885  |  310  | -5.4502e+00 | 2.64e-01 | 8.58e-04 | 2.35e-05 |
|  41   | 3990  |  312  | -5.4509e+00 | 5.28e-01 | 6.32e-04 | 2.20e-05 |
|  42   | 4095  |  315  | -5.4509e+00 | 9.31e-02 | 6.32e-04 | 2.20e-05 |
|  43   | 4200  |  317  | -5.4511e+00 | 1.86e-01 | 5.57e-04 | 2.14e-05 |
|  44   | 4305  |  319  | -5.4511e+00 | 9.31e-02 | 5.57e-04 | 2.14e-05 |
|  45   | 4410  |  321  | -5.4513e+00 | 1.86e-01 | 5.05e-04 | 2.10e-05 |
|  46   | 4515  |  324  | -5.4513e+00 | 8.25e-02 | 5.05e-04 | 2.10e-05 |
|  47   | 4620  |  326  | -5.4514e+00 | 1.65e-01 | 4.36e-04 | 2.07e-05 |
|  48   | 4620  |  326  | -5.4514e+00 | 1.00e+00 | 7.43e-04 | 2.07e-05 |
|  49   | 4725  |  338  | -5.4527e+00 | 7.00e+00 | 3.03e-04 | 5.07e-05 |
|  50   | 4830  |  355  | -5.4531e+00 | 9.98e+00 | 3.86e-04 | 2.56e-05 |
|  51   | 4935  |  360  | -5.4531e+00 | 9.98e+00 | 3.05e-04 | 1.30e-05 |
|  52   | 5040  |  366  | -5.4531e+00 | 1.08e+00 | 3.05e-04 | 1.30e-05 |
|  53   | 5145  |  372  | -5.4531e+00 | 5.39e-01 | 3.05e-04 | 1.30e-05 |
|  54   | 5250  |  377  | -5.4531e+00 | 1.43e-01 | 3.05e-04 | 1.30e-05 |
|  55   | 5355  |  380  | -5.4532e+00 | 2.85e-01 | 2.30e-04 | 1.32e-05 |
|  56   | 5460  |  386  | -5.4532e+00 | 8.39e-02 | 2.30e-04 | 1.32e-05 |
|  57   | 5565  |  390  | -5.4532e+00 | 8.39e-02 | 1.94e-04 | 1.31e-05 |
|  58   | 5670  |  394  | -5.4532e+00 | 1.43e-01 | 1.71e-04 | 1.29e-05 |
|  59   | 5775  |  399  | -5.4532e+00 | 5.30e-02 | 1.71e-04 | 1.29e-05 |
|  60   | 5880  |  402  | -5.4533e+00 | 5.30e-02 | 1.49e-04 | 1.27e-05 |
|  61   | 5985  |  405  | -5.4533e+00 | 2.99e-01 | 1.43e-04 | 1.25e-05 |
|  62   | 6090  |  410  | -5.4533e+00 | 1.50e-01 | 1.43e-04 | 1.25e-05 |
|  63   | 6195  |  415  | -5.4533e+00 | 7.48e-02 | 1.43e-04 | 1.25e-05 |
|  64   | 6300  |  417  | -5.4533e+00 | 1.50e-01 | 8.89e-05 | 1.22e-05 |
|  65   | 6405  |  422  | -5.4533e+00 | 7.48e-02 | 8.89e-05 | 1.22e-05 |
|  66   | 6510  |  424  | -5.4533e+00 | 7.48e-02 | 4.11e-05 | 1.20e-05 |
|  67   | 6510  |  424  | -5.4533e+00 | 1.00e+00 | 1.37e-04 | 1.20e-05 |
|  68   | 6615  |  439  | -5.4534e+00 | 7.00e+00 | 4.67e-05 | 8.50e-06 |
|  69   | 6720  |  446  | -5.4534e+00 | 7.00e+00 | 1.92e-05 | 4.42e-06 |
|  70   | 6825  |  454  | -5.4534e+00 | 7.00e+00 | 1.54e-05 | 2.24e-06 |
|  71   | 6930  |  468  | -5.4534e+00 | 7.00e+00 | 1.79e-05 | 1.13e-06 |
|  72   | 7035  |  473  | -5.4534e+00 | 7.00e+00 | 1.07e-05 | 5.70e-07 |
|  73   | 7140  |  478  | -5.4534e+00 | 7.00e+00 | 8.46e-06 | 2.87e-07 |
|  74   | 7245  |  479  | -5.4534e+00 | 7.00e+00 | 8.19e-06 | 1.44e-07 |
|  75   | 7350  |  480  | -5.4534e+00 | 7.00e+00 | 2.14e-06 | 8.38e-08 |
|  76   | 7350  |  480  | -5.4534e+00 | 3.50e+01 | 2.69e-05 | 8.38e-08 |
|  77   | 7455  |  494  | -5.4534e+00 | 3.50e+00 | 2.69e-05 | 8.38e-08 |
|  78   | 7560  |  508  | -5.4534e+00 | 3.50e-01 | 2.69e-05 | 8.38e-08 |
|  79   | 7665  |  521  | -5.4534e+00 | 3.50e-02 | 2.69e-05 | 8.38e-08 |
|  80   | 7770  |  530  | -5.4534e+00 | 2.45e-01 | 4.56e-06 | 1.34e-07 |
|  81   | 7875  |  541  | -5.4534e+00 | 2.45e-02 | 4.56e-06 | 1.34e-07 |
|  82   | 7980  |  547  | -5.4534e+00 | 2.45e-03 | 4.56e-06 | 1.34e-07 |
|  83   | 8085  |  549  | -5.4534e+00 | 1.71e-02 | 3.26e-06 | 1.34e-07 |
|  84   | 8190  |  552  | -5.4534e+00 | 1.71e-03 | 3.26e-06 | 1.34e-07 |
|  85   | 8295  |  553  | -5.4534e+00 | 1.20e-02 | 2.79e-06 | 1.34e-07 |
|  86   | 8400  |  555  | -5.4534e+00 | 5.73e-03 | 2.79e-06 | 1.34e-07 |
|  87   | 8505  |  556  | -5.4534e+00 | 2.86e-03 | 2.79e-06 | 1.34e-07 |
|  88   | 8610  |  557  | -5.4534e+00 | 2.00e-02 | 2.01e-06 | 1.34e-07 |
|  89   | 8715  |  558  | -5.4534e+00 | 1.00e-02 | 2.01e-06 | 1.34e-07 |
|  90   | 8820  |  559  | -5.4534e+00 | 2.00e-02 | 6.39e-07 | 1.35e-07 |
|  91   | 8925  |  560  | -5.4534e+00 | 1.40e-01 | 3.15e-06 | 1.35e-07 |
|  92   | 9030  |  565  | -5.4534e+00 | 1.75e-02 | 3.15e-06 | 1.35e-07 |
|  93   | 9135  |  566  | -5.4534e+00 | 2.59e-03 | 3.15e-06 | 1.35e-07 |
|  94   | 9240  |  567  | -5.4534e+00 | 1.81e-02 | 9.42e-07 | 1.34e-07 |
|  95   | 9345  |  568  | -5.4534e+00 | 3.62e-02 | 4.09e-06 | 1.34e-07 |
|  96   | 9450  |  571  | -5.4534e+00 | 5.81e-03 | 4.09e-06 | 1.34e-07 |
|  97   | 9555  |  572  | -5.4534e+00 | 1.16e-02 | 2.06e-06 | 1.34e-07 |
|  98   | 9660  |  573  | -5.4534e+00 | 2.32e-02 | 4.97e-06 | 1.33e-07 |
|  99   | 9765  |  576  | -5.4534e+00 | 2.32e-03 | 4.97e-06 | 1.33e-07 |
|  100  | 9870  |  577  | -5.4534e+00 | 1.63e-02 | 1.84e-06 | 1.33e-07 |
|  101  | 9975  |  578  | -5.4534e+00 | 3.25e-02 | 7.08e-06 | 1.33e-07 |
|  102  | 10080 |  581  | -5.4534e+00 | 6.71e-03 | 7.08e-06 | 1.33e-07 |
|  103  | 10185 |  582  | -5.4534e+00 | 2.60e-03 | 7.08e-06 | 1.33e-07 |
|  104  | 10290 |  583  | -5.4534e+00 | 1.82e-02 | 2.49e-06 | 1.33e-07 |
|  105  | 10395 |  584  | -5.4534e+00 | 9.11e-03 | 2.49e-06 | 1.33e-07 |
|  106  | 10500 |  585  | -5.4534e+00 | 1.82e-02 | 4.27e-06 | 1.33e-07 |
|  107  | 10605 |  586  | -5.4534e+00 | 1.82e-03 | 4.27e-06 | 1.33e-07 |
|  108  | 10710 |  587  | -5.4534e+00 | 1.28e-02 | 2.07e-06 | 1.33e-07 |
|  109  | 10815 |  588  | -5.4534e+00 | 2.55e-02 | 5.95e-06 | 1.32e-07 |
|  110  | 10920 |  590  | -5.4534e+00 | 2.77e-03 | 5.95e-06 | 1.32e-07 |
|  111  | 11025 |  591  | -5.4534e+00 | 5.53e-03 | 1.56e-06 | 1.32e-07 |
|  112  | 11130 |  592  | -5.4534e+00 | 3.87e-02 | 1.12e-06 | 1.32e-07 |
|  113  | 11235 |  593  | -5.4534e+00 | 7.75e-02 | 1.25e-05 | 1.31e-07 |
|  114  | 11340 |  596  | -5.4534e+00 | 5.42e-01 | 6.69e-06 | 1.28e-07 |
|  115  | 11445 |  602  | -5.4534e+00 | 3.80e+00 | 1.47e-05 | 1.25e-07 |
|  116  | 11550 |  608  | -5.4534e+00 | 3.80e+00 | 3.20e-06 | 8.19e-08 |
|  117  | 11655 |  622  | -5.4534e+00 | 3.80e+00 | 6.05e-07 | 4.15e-08 |
|  118  | 11655 |  622  | -5.4534e+00 | 1.90e+01 | 6.19e-06 | 4.15e-08 |
|  119  | 11760 |  637  | -5.4534e+00 | 1.90e+01 | 6.88e-07 | 2.29e-08 |
|  120  | 11865 |  642  | -5.4534e+00 | 1.90e+01 | 2.53e-07 | 1.15e-08 |
|  121  | 11865 |  642  | -5.4534e+00 | 9.49e+01 | 1.13e-06 | 1.15e-08 |
|  122  | 11970 |  647  | -5.4534e+00 | 9.49e+01 | 1.21e-07 | 5.89e-09 |
|  123  | 12075 |  648  | -5.4534e+00 | 9.49e+01 | 6.50e-07 | 2.97e-09 |
|  124  | 12180 |  649  | -5.4534e+00 | 9.49e+01 | 1.98e-07 | 1.50e-09 |
|  125  | 12285 |  650  | -5.4534e+00 | 9.49e+01 | 4.81e-07 | 7.73e-10 |
|  126  | 12390 |  651  | -5.4534e+00 | 9.49e+01 | 8.64e-07 | 4.33e-10 |
|  127  | 12495 |  653  | -5.4534e+00 | 9.49e+00 | 8.64e-07 | 4.33e-10 |
|  128  | 12600 |  655  | -5.4534e+00 | 9.49e-01 | 8.64e-07 | 4.33e-10 |
|  129  | 12705 |  657  | -5.4534e+00 | 2.47e-01 | 8.64e-07 | 4.33e-10 |
|  130  | 12810 |  660  | -5.4534e+00 | 4.47e-02 | 8.64e-07 | 4.33e-10 |
|  131  | 12915 |  663  | -5.4534e+00 | 4.47e-03 | 8.64e-07 | 4.33e-10 |
|  132  | 13020 |  667  | -5.4534e+00 | 4.47e-04 | 8.64e-07 | 4.33e-10 |
|  133  | 13125 |  668  | -5.4534e+00 | 4.47e-05 | 8.64e-07 | 4.33e-10 |
|  134  | 13230 |  669  | -5.4534e+00 | 2.24e-05 | 8.64e-07 | 4.33e-10 |
|  135  | 13335 |  670  | -5.4534e+00 | 2.24e-05 | 8.50e-07 | 4.33e-10 |
|  136  | 13440 |  671  | -5.4534e+00 | 2.24e-05 | 8.33e-07 | 4.33e-10 |
|  137  | 13545 |  672  | -5.4534e+00 | 2.24e-05 | 8.18e-07 | 4.33e-10 |
|  138  | 13650 |  673  | -5.4534e+00 | 2.24e-05 | 8.03e-07 | 4.33e-10 |
|  139  | 13755 |  674  | -5.4534e+00 | 2.24e-05 | 7.89e-07 | 4.33e-10 |
|  140  | 13860 |  675  | -5.4534e+00 | 2.24e-05 | 7.72e-07 | 4.33e-10 |
|  141  | 13965 |  676  | -5.4534e+00 | 2.24e-05 | 7.59e-07 | 4.33e-10 |
|  142  | 14070 |  677  | -5.4534e+00 | 2.24e-05 | 7.43e-07 | 4.33e-10 |
|  143  | 14175 |  678  | -5.4534e+00 | 2.24e-05 | 7.27e-07 | 4.33e-10 |
|  144  | 14280 |  679  | -5.4534e+00 | 2.24e-05 | 7.12e-07 | 4.33e-10 |
|  145  | 14385 |  680  | -5.4534e+00 | 1.12e-05 | 7.12e-07 | 4.33e-10 |
|  146  | 14490 |  681  | -5.4534e+00 | 2.24e-05 | 7.05e-07 | 4.33e-10 |
|  147  | 14595 |  682  | -5.4534e+00 | 2.24e-05 | 6.89e-07 | 4.33e-10 |
|  148  | 14700 |  683  | -5.4534e+00 | 2.24e-05 | 6.74e-07 | 4.33e-10 |
|  149  | 14805 |  684  | -5.4534e+00 | 2.24e-05 | 6.59e-07 | 4.33e-10 |
|  150  | 14910 |  685  | -5.4534e+00 | 1.12e-05 | 6.59e-07 | 4.33e-10 |
|  151  | 15015 |  686  | -5.4534e+00 | 2.24e-05 | 6.52e-07 | 4.33e-10 |
|  152  | 15120 |  687  | -5.4534e+00 | 2.24e-05 | 6.37e-07 | 4.33e-10 |
|  153  | 15225 |  688  | -5.4534e+00 | 1.12e-05 | 6.37e-07 | 4.33e-10 |
|  154  | 15330 |  689  | -5.4534e+00 | 2.24e-05 | 6.28e-07 | 4.33e-10 |
|  155  | 15435 |  690  | -5.4534e+00 | 2.24e-05 | 6.14e-07 | 4.33e-10 |
|  156  | 15540 |  691  | -5.4534e+00 | 1.12e-05 | 6.14e-07 | 4.33e-10 |
|  157  | 15645 |  692  | -5.4534e+00 | 2.24e-05 | 6.07e-07 | 4.33e-10 |
|  158  | 15750 |  693  | -5.4534e+00 | 1.12e-05 | 6.07e-07 | 4.33e-10 |
|  159  | 15855 |  694  | -5.4534e+00 | 2.24e-05 | 5.99e-07 | 4.33e-10 |
|  160  | 15960 |  695  | -5.4534e+00 | 1.12e-05 | 5.99e-07 | 4.33e-10 |
|  161  | 16065 |  696  | -5.4534e+00 | 2.24e-05 | 5.92e-07 | 4.33e-10 |
|  162  | 16170 |  697  | -5.4534e+00 | 1.12e-05 | 5.92e-07 | 4.33e-10 |
|  163  | 16275 |  698  | -5.4534e+00 | 2.24e-05 | 5.84e-07 | 4.33e-10 |
|  164  | 16380 |  699  | -5.4534e+00 | 1.12e-05 | 5.84e-07 | 4.33e-10 |
|  165  | 16485 |  700  | -5.4534e+00 | 2.24e-05 | 5.76e-07 | 4.33e-10 |
|  166  | 16590 |  701  | -5.4534e+00 | 1.12e-05 | 5.76e-07 | 4.33e-10 |
|  167  | 16695 |  702  | -5.4534e+00 | 2.24e-05 | 5.68e-07 | 4.33e-10 |
|  168  | 16800 |  703  | -5.4534e+00 | 1.12e-05 | 5.68e-07 | 4.33e-10 |
|  169  | 16905 |  704  | -5.4534e+00 | 2.24e-05 | 5.62e-07 | 4.33e-10 |
|  170  | 17010 |  705  | -5.4534e+00 | 1.12e-05 | 5.62e-07 | 4.33e-10 |
|  171  | 17115 |  706  | -5.4534e+00 | 2.24e-05 | 5.53e-07 | 4.33e-10 |
|  172  | 17220 |  707  | -5.4534e+00 | 1.12e-05 | 5.53e-07 | 4.33e-10 |
|  173  | 17325 |  708  | -5.4534e+00 | 2.24e-05 | 5.46e-07 | 4.33e-10 |
|  174  | 17430 |  709  | -5.4534e+00 | 1.12e-05 | 5.46e-07 | 4.33e-10 |
|  175  | 17535 |  710  | -5.4534e+00 | 2.24e-05 | 5.39e-07 | 4.33e-10 |
|  176  | 17640 |  711  | -5.4534e+00 | 1.12e-05 | 5.39e-07 | 4.33e-10 |
|  177  | 17745 |  712  | -5.4534e+00 | 2.24e-05 | 5.32e-07 | 4.33e-10 |
|  178  | 17850 |  713  | -5.4534e+00 | 1.12e-05 | 5.32e-07 | 4.33e-10 |
|  179  | 17955 |  714  | -5.4534e+00 | 2.24e-05 | 5.25e-07 | 4.33e-10 |
|  180  | 18060 |  715  | -5.4534e+00 | 1.12e-05 | 5.25e-07 | 4.33e-10 |
|  181  | 18165 |  716  | -5.4534e+00 | 2.24e-05 | 5.16e-07 | 4.33e-10 |
|  182  | 18270 |  717  | -5.4534e+00 | 1.12e-05 | 5.16e-07 | 4.33e-10 |
|  183  | 18375 |  718  | -5.4534e+00 | 2.24e-05 | 5.08e-07 | 4.33e-10 |
|  184  | 18480 |  719  | -5.4534e+00 | 1.12e-05 | 5.08e-07 | 4.33e-10 |
|  185  | 18585 |  720  | -5.4534e+00 | 2.24e-05 | 5.02e-07 | 4.33e-10 |
|  186  | 18690 |  721  | -5.4534e+00 | 1.12e-05 | 5.02e-07 | 4.33e-10 |
|  187  | 18795 |  722  | -5.4534e+00 | 2.24e-05 | 4.94e-07 | 4.33e-10 |
|  188  | 18900 |  723  | -5.4534e+00 | 1.12e-05 | 4.94e-07 | 4.33e-10 |
|  189  | 19005 |  724  | -5.4534e+00 | 2.24e-05 | 4.87e-07 | 4.33e-10 |
|  190  | 19110 |  725  | -5.4534e+00 | 1.12e-05 | 4.87e-07 | 4.33e-10 |
|  191  | 19215 |  726  | -5.4534e+00 | 2.24e-05 | 4.80e-07 | 4.33e-10 |
|  192  | 19320 |  727  | -5.4534e+00 | 1.12e-05 | 4.80e-07 | 4.33e-10 |
|  193  | 19425 |  728  | -5.4534e+00 | 1.12e-05 | 4.72e-07 | 4.33e-10 |
|  194  | 19530 |  729  | -5.4534e+00 | 2.24e-05 | 4.66e-07 | 4.33e-10 |
|  195  | 19635 |  730  | -5.4534e+00 | 1.12e-05 | 4.66e-07 | 4.33e-10 |
|  196  | 19740 |  731  | -5.4534e+00 | 2.24e-05 | 4.59e-07 | 4.33e-10 |
|  197  | 19845 |  732  | -5.4534e+00 | 1.12e-05 | 4.59e-07 | 4.33e-10 |
|  198  | 19950 |  733  | -5.4534e+00 | 2.24e-05 | 4.50e-07 | 4.33e-10 |
|  199  | 20055 |  734  | -5.4534e+00 | 1.12e-05 | 4.50e-07 | 4.33e-10 |
|  200  | 20160 |  735  | -5.4534e+00 | 2.24e-05 | 4.44e-07 | 4.33e-10 |
|  201  | 20265 |  736  | -5.4534e+00 | 1.12e-05 | 4.44e-07 | 4.33e-10 |
|  202  | 20370 |  737  | -5.4534e+00 | 2.24e-05 | 4.36e-07 | 4.33e-10 |
|  203  | 20475 |  738  | -5.4534e+00 | 1.12e-05 | 4.36e-07 | 4.33e-10 |
|  204  | 20580 |  739  | -5.4534e+00 | 1.12e-05 | 4.29e-07 | 4.33e-10 |
|  205  | 20685 |  740  | -5.4534e+00 | 2.24e-05 | 4.21e-07 | 4.33e-10 |
|  206  | 20790 |  741  | -5.4534e+00 | 1.12e-05 | 4.21e-07 | 4.33e-10 |
|  207  | 20895 |  742  | -5.4534e+00 | 2.24e-05 | 4.14e-07 | 4.33e-10 |
|  208  | 21000 |  743  | -5.4534e+00 | 1.12e-05 | 4.14e-07 | 4.33e-10 |
|  209  | 21105 |  744  | -5.4534e+00 | 2.24e-05 | 4.06e-07 | 4.33e-10 |
|  210  | 21210 |  745  | -5.4534e+00 | 1.12e-05 | 4.06e-07 | 4.33e-10 |
|  211  | 21315 |  746  | -5.4534e+00 | 2.24e-05 | 4.00e-07 | 4.33e-10 |
|  212  | 21420 |  747  | -5.4534e+00 | 1.12e-05 | 4.00e-07 | 4.33e-10 |
|  213  | 21525 |  748  | -5.4534e+00 | 2.24e-05 | 3.92e-07 | 4.33e-10 |
|  214  | 21630 |  749  | -5.4534e+00 | 1.12e-05 | 3.92e-07 | 4.33e-10 |
|  215  | 21735 |  750  | -5.4534e+00 | 1.12e-05 | 3.85e-07 | 4.33e-10 |
|  216  | 21840 |  751  | -5.4534e+00 | 2.24e-05 | 3.77e-07 | 4.33e-10 |
|  217  | 21945 |  752  | -5.4534e+00 | 1.12e-05 | 3.77e-07 | 4.33e-10 |
|  218  | 22050 |  753  | -5.4534e+00 | 2.24e-05 | 3.71e-07 | 4.33e-10 |
|  219  | 22155 |  754  | -5.4534e+00 | 1.12e-05 | 3.71e-07 | 4.33e-10 |
|  220  | 22260 |  755  | -5.4534e+00 | 2.24e-05 | 3.62e-07 | 4.33e-10 |
|  221  | 22365 |  756  | -5.4534e+00 | 1.12e-05 | 3.62e-07 | 4.33e-10 |
|  222  | 22470 |  757  | -5.4534e+00 | 1.12e-05 | 3.55e-07 | 4.33e-10 |
|  223  | 22575 |  758  | -5.4534e+00 | 1.12e-05 | 3.48e-07 | 4.33e-10 |
|  224  | 22680 |  759  | -5.4534e+00 | 1.12e-05 | 3.42e-07 | 4.33e-10 |
|  225  | 22785 |  760  | -5.4534e+00 | 1.12e-05 | 3.36e-07 | 4.33e-10 |
|  226  | 22890 |  761  | -5.4534e+00 | 1.12e-05 | 3.28e-07 | 4.33e-10 |
|  227  | 22995 |  762  | -5.4534e+00 | 1.12e-05 | 3.22e-07 | 4.33e-10 |
|  228  | 23100 |  763  | -5.4534e+00 | 2.24e-05 | 3.13e-07 | 4.33e-10 |
|  229  | 23205 |  764  | -5.4534e+00 | 1.12e-05 | 3.13e-07 | 4.33e-10 |
|  230  | 23310 |  765  | -5.4534e+00 | 1.12e-05 | 3.06e-07 | 4.33e-10 |
|  231  | 23415 |  766  | -5.4534e+00 | 2.24e-05 | 3.00e-07 | 4.33e-10 |
|  232  | 23520 |  767  | -5.4534e+00 | 1.12e-05 | 3.00e-07 | 4.33e-10 |
|  233  | 23625 |  768  | -5.4534e+00 | 2.24e-05 | 2.93e-07 | 4.33e-10 |
|  234  | 23730 |  769  | -5.4534e+00 | 1.12e-05 | 2.93e-07 | 4.33e-10 |
|  235  | 23835 |  770  | -5.4534e+00 | 1.12e-05 | 2.86e-07 | 4.33e-10 |
|  236  | 23940 |  771  | -5.4534e+00 | 1.12e-05 | 2.80e-07 | 4.33e-10 |
|  237  | 24045 |  772  | -5.4534e+00 | 1.12e-05 | 2.73e-07 | 4.33e-10 |
|  238  | 24150 |  773  | -5.4534e+00 | 2.24e-05 | 2.67e-07 | 4.33e-10 |
|  239  | 24255 |  774  | -5.4534e+00 | 1.12e-05 | 2.67e-07 | 4.33e-10 |
|  240  | 24360 |  775  | -5.4534e+00 | 1.12e-05 | 2.60e-07 | 4.33e-10 |
|  241  | 24465 |  776  | -5.4534e+00 | 1.12e-05 | 2.53e-07 | 4.33e-10 |
|  242  | 24570 |  777  | -5.4534e+00 | 1.12e-05 | 2.46e-07 | 4.33e-10 |
|  243  | 24675 |  778  | -5.4534e+00 | 1.12e-05 | 2.42e-07 | 4.33e-10 |
|  244  | 24780 |  779  | -5.4534e+00 | 1.12e-05 | 2.35e-07 | 4.33e-10 |
|  245  | 24885 |  780  | -5.4534e+00 | 1.12e-05 | 2.27e-07 | 4.33e-10 |
|  246  | 24990 |  781  | -5.4534e+00 | 2.24e-05 | 2.20e-07 | 4.33e-10 |
|  247  | 25095 |  782  | -5.4534e+00 | 1.12e-05 | 2.20e-07 | 4.33e-10 |
|  248  | 25200 |  783  | -5.4534e+00 | 1.12e-05 | 2.15e-07 | 4.33e-10 |
|  249  | 25305 |  784  | -5.4534e+00 | 1.12e-05 | 2.09e-07 | 4.33e-10 |
|  250  | 25410 |  785  | -5.4534e+00 | 1.12e-05 | 2.02e-07 | 4.33e-10 |
|  251  | 25515 |  786  | -5.4534e+00 | 1.12e-05 | 1.96e-07 | 4.33e-10 |
|  252  | 25620 |  787  | -5.4534e+00 | 1.12e-05 | 1.89e-07 | 4.33e-10 |
|  253  | 25725 |  788  | -5.4534e+00 | 1.12e-05 | 1.83e-07 | 4.33e-10 |
|  254  | 25830 |  789  | -5.4534e+00 | 1.12e-05 | 1.79e-07 | 4.33e-10 |
|  255  | 25935 |  790  | -5.4534e+00 | 1.12e-05 | 1.73e-07 | 4.33e-10 |
|  256  | 26040 |  791  | -5.4534e+00 | 1.12e-05 | 1.67e-07 | 4.33e-10 |
|  257  | 26145 |  792  | -5.4534e+00 | 1.12e-05 | 1.61e-07 | 4.33e-10 |
|  258  | 26250 |  793  | -5.4534e+00 | 1.12e-05 | 1.56e-07 | 4.33e-10 |
|  259  | 26355 |  794  | -5.4534e+00 | 1.12e-05 | 1.49e-07 | 4.33e-10 |
|  260  | 26460 |  795  | -5.4534e+00 | 1.12e-05 | 1.45e-07 | 4.33e-10 |
|  261  | 26565 |  796  | -5.4534e+00 | 1.12e-05 | 1.39e-07 | 4.33e-10 |
|  262  | 26670 |  797  | -5.4534e+00 | 1.12e-05 | 1.34e-07 | 4.33e-10 |
|  263  | 26775 |  798  | -5.4534e+00 | 2.24e-05 | 1.29e-07 | 4.33e-10 |
|  264  | 26880 |  799  | -5.4534e+00 | 1.12e-05 | 1.29e-07 | 4.33e-10 |
|  265  | 26985 |  800  | -5.4534e+00 | 2.24e-05 | 1.25e-07 | 4.33e-10 |
|  266  | 27090 |  801  | -5.4534e+00 | 1.12e-05 | 1.25e-07 | 4.33e-10 |
|  267  | 27195 |  802  | -5.4534e+00 | 1.12e-05 | 1.21e-07 | 4.33e-10 |
|  268  | 27300 |  803  | -5.4534e+00 | 2.24e-05 | 1.15e-07 | 4.33e-10 |
|  269  | 27405 |  804  | -5.4534e+00 | 1.12e-05 | 1.15e-07 | 4.33e-10 |
|  270  | 27510 |  805  | -5.4534e+00 | 1.12e-05 | 1.11e-07 | 4.33e-10 |
|  271  | 27615 |  806  | -5.4534e+00 | 2.24e-05 | 1.07e-07 | 4.33e-10 |
|  272  | 27720 |  807  | -5.4534e+00 | 1.12e-05 | 1.07e-07 | 4.33e-10 |
|  273  | 27825 |  808  | -5.4534e+00 | 1.12e-05 | 1.02e-07 | 4.33e-10 |
|  274  | 27930 |  809  | -5.4534e+00 | 2.24e-05 | 9.73e-08 | 4.33e-10 |
|  275  | 28035 |  810  | -5.4534e+00 | 1.12e-05 | 9.73e-08 | 4.33e-10 |
|  276  | 28140 |  811  | -5.4534e+00 | 2.24e-05 | 9.45e-08 | 4.33e-10 |
|  277  | 28245 |  812  | -5.4534e+00 | 1.12e-05 | 9.45e-08 | 4.33e-10 |
|  278  | 28350 |  813  | -5.4534e+00 | 2.24e-05 | 9.02e-08 | 4.33e-10 |
|  279  | 28455 |  814  | -5.4534e+00 | 1.12e-05 | 9.02e-08 | 4.33e-10 |
|  280  | 28560 |  815  | -5.4534e+00 | 2.24e-05 | 8.47e-08 | 4.33e-10 |
|  281  | 28665 |  816  | -5.4534e+00 | 1.12e-05 | 8.47e-08 | 4.33e-10 |
|  282  | 28770 |  817  | -5.4534e+00 | 2.24e-05 | 8.13e-08 | 4.33e-10 |
|  283  | 28875 |  818  | -5.4534e+00 | 2.24e-05 | 7.54e-08 | 4.33e-10 |
|  284  | 28980 |  819  | -5.4534e+00 | 2.24e-05 | 6.80e-08 | 4.33e-10 |
|  285  | 29085 |  820  | -5.4534e+00 | 2.24e-05 | 6.09e-08 | 4.33e-10 |
|  286  | 29190 |  821  | -5.4534e+00 | 4.47e-05 | 5.49e-08 | 4.33e-10 |
|  287  | 29295 |  822  | -5.4534e+00 | 2.24e-05 | 5.49e-08 | 4.33e-10 |
|  288  | 29400 |  823  | -5.4534e+00 | 4.47e-05 | 5.06e-08 | 4.33e-10 |
|  289  | 29505 |  824  | -5.4534e+00 | 2.24e-05 | 5.06e-08 | 4.33e-10 |
|  290  | 29610 |  825  | -5.4534e+00 | 4.47e-05 | 4.59e-08 | 4.33e-10 |
|  291  | 29715 |  826  | -5.4534e+00 | 2.24e-05 | 4.59e-08 | 4.33e-10 |
|  292  | 29820 |  827  | -5.4534e+00 | 4.47e-05 | 4.23e-08 | 4.33e-10 |
|  293  | 29925 |  828  | -5.4534e+00 | 4.47e-05 | 3.43e-08 | 4.33e-10 |
|  294  | 30030 |  829  | -5.4534e+00 | 8.95e-05 | 2.78e-08 | 4.33e-10 |
|  295  | 30135 |  830  | -5.4534e+00 | 8.95e-05 | 1.79e-08 | 4.33e-10 |
|  296  | 30240 |  831  | -5.4534e+00 | 1.79e-04 | 1.14e-08 | 4.33e-10 |
|  297  | 30345 |  832  | -5.4534e+00 | 3.58e-04 | 3.42e-09 | 4.33e-10 |

`gtol` termination condition is satisfied.
Number of iterations: 297, function evaluations: 30345, CG iterations: 832, optimality: 3.42e-09, constraint violation: 4.33e-10, execution time:  4.7 s.

           C         Y         K         I
0   0.950000  1.000000  3.000000  0.050000
1   0.950960  1.021564  2.990000  0.070603
2   0.966442  1.045406  3.000803  0.078963
3   0.983588  1.070524  3.019750  0.086936
4   1.002343  1.096918  3.046291  0.094576
5   1.022660  1.124592  3.079941  0.101931
6   1.044501  1.153547  3.120274  0.109047
7   1.067828  1.183789  3.166915  0.115961
8   1.092613  1.215322  3.219537  0.122709
9   1.118832  1.248155  3.277855  0.129323
10  1.146466  1.282296  3.341621  0.135829
11  1.175502  1.317756  3.410618  0.142254
12  1.205931  1.354549  3.484660  0.148619
13  1.237748  1.392690  3.563585  0.154942
14  1.270955  1.432195  3.647255  0.161240
15  1.305556  1.473083  3.735550  0.167526
16  1.341562  1.515374  3.828365  0.173812
17  1.378985  1.559090  3.925610  0.180104
18  1.417845  1.604254  4.027202  0.186409
19  1.458165  1.650890  4.133067  0.192725
20  1.499973  1.699025  4.243131  0.199052
21  1.543302  1.748682  4.357320  0.205380
22  1.588190  1.799888  4.475554  0.211698
23  1.634684  1.852669  4.597741  0.217985
24  1.682836  1.907049  4.723772  0.224213
25  1.720375  1.963051  4.853509  0.242676

W=5.453426258078583
