| niter |f evals|CG iter|  obj func   |tr radius |   opt    |  c viol  |
|-------|-------|-------|-------------|----------|----------|----------|
|   1   |   1   |   0   | -5.4318e+00 | 1.00e+00 | 2.46e-01 | 2.24e-02 |
|   2   |   2   |   2   | -5.6836e+00 | 6.64e+00 | 1.97e-01 | 2.49e-01 |
|   3   |   3   |   4   | -5.9904e+00 | 2.35e+01 | 4.22e-02 | 5.42e-01 |
|   4   |   4   |   9   | -5.5997e+00 | 4.70e+01 | 4.82e-02 | 1.82e-01 |
|   5   |   5   |  11   | -5.4764e+00 | 4.70e+01 | 4.96e-02 | 7.36e-02 |
|   6   |   6   |  14   | -5.2683e+00 | 4.70e+01 | 4.41e-02 | 3.35e-02 |
|   7   |   7   |  18   | -5.0290e+00 | 4.70e+01 | 5.01e-02 | 1.26e-02 |
|   8   |   8   |  23   | -4.7047e+00 | 4.70e+01 | 6.26e-02 | 7.39e-03 |
|   9   |   8   |  23   | -4.7047e+00 | 2.35e+02 | 7.94e-02 | 7.39e-03 |
|  10   |   9   |  29   | -5.6795e+00 | 2.35e+02 | 7.34e-03 | 3.98e-02 |
|  11   |  10   |  40   | -5.5059e+00 | 2.35e+02 | 8.05e-03 | 2.15e-02 |
|  12   |  11   |  43   | -5.4582e+00 | 2.35e+02 | 4.95e-03 | 1.24e-02 |
|  13   |  11   |  43   | -5.4582e+00 | 1.18e+03 | 1.89e-02 | 1.24e-02 |
|  14   |  12   |  49   | -5.5727e+00 | 1.18e+03 | 1.56e-03 | 1.41e-02 |
|  15   |  13   |  54   | -5.5401e+00 | 1.18e+03 | 1.21e-03 | 8.18e-03 |
|  16   |  14   |  56   | -5.5190e+00 | 1.18e+03 | 1.12e-03 | 4.54e-03 |
|  17   |  15   |  60   | -5.5078e+00 | 1.18e+03 | 7.59e-04 | 2.36e-03 |
|  18   |  15   |  60   | -5.5078e+00 | 5.88e+03 | 3.40e-03 | 2.36e-03 |
|  19   |  16   |  64   | -5.5141e+00 | 5.88e+03 | 9.02e-04 | 1.97e-03 |
|  20   |  17   |  69   | -5.5089e+00 | 5.88e+03 | 7.46e-04 | 1.02e-03 |
|  21   |  18   |  75   | -5.5066e+00 | 5.88e+03 | 5.34e-04 | 5.24e-04 |
|  22   |  19   |  80   | -5.5054e+00 | 5.88e+03 | 3.89e-04 | 2.67e-04 |
|  23   |  19   |  80   | -5.5054e+00 | 2.94e+04 | 7.70e-04 | 2.67e-04 |
|  24   |  20   |  85   | -5.5056e+00 | 2.94e+04 | 2.72e-04 | 1.71e-04 |
|  25   |  21   |  89   | -5.5051e+00 | 2.94e+04 | 2.31e-04 | 8.64e-05 |
|  26   |  22   |  94   | -5.5049e+00 | 2.94e+04 | 1.54e-04 | 4.36e-05 |
|  27   |  23   |  97   | -5.5048e+00 | 2.94e+04 | 1.33e-04 | 2.19e-05 |
|  28   |  24   |  101  | -5.5048e+00 | 2.94e+04 | 6.98e-05 | 1.12e-05 |
|  29   |  25   |  103  | -5.5047e+00 | 2.94e+04 | 6.55e-05 | 5.61e-06 |
|  30   |  26   |  106  | -5.5047e+00 | 2.94e+04 | 3.20e-05 | 2.84e-06 |
|  31   |  26   |  106  | -5.5047e+00 | 1.47e+05 | 1.11e-04 | 2.84e-06 |
|  32   |  27   |  109  | -5.5047e+00 | 1.47e+04 | 1.11e-04 | 2.84e-06 |
|  33   |  28   |  112  | -5.5047e+00 | 1.47e+03 | 1.11e-04 | 2.84e-06 |
|  34   |  29   |  115  | -5.5047e+00 | 1.47e+02 | 1.11e-04 | 2.84e-06 |
|  35   |  30   |  118  | -5.5047e+00 | 1.47e+01 | 1.11e-04 | 2.84e-06 |
|  36   |  31   |  120  | -5.5047e+00 | 1.47e+00 | 1.11e-04 | 2.84e-06 |
|  37   |  32   |  124  | -5.5047e+00 | 4.38e-01 | 1.11e-04 | 2.84e-06 |
|  38   |  33   |  126  | -5.5047e+00 | 1.74e-01 | 1.11e-04 | 2.84e-06 |
|  39   |  34   |  128  | -5.5047e+00 | 1.02e+00 | 2.19e-05 | 3.42e-06 |
|  40   |  35   |  132  | -5.5047e+00 | 1.41e+00 | 7.66e-06 | 1.72e-06 |
|  41   |  35   |  132  | -5.5047e+00 | 7.04e+00 | 2.45e-05 | 1.72e-06 |
|  42   |  36   |  136  | -5.5047e+00 | 7.04e+00 | 9.37e-06 | 9.28e-07 |
|  43   |  37   |  139  | -5.5047e+00 | 7.04e+00 | 4.33e-06 | 4.68e-07 |
|  44   |  38   |  142  | -5.5047e+00 | 7.04e+00 | 3.28e-06 | 2.36e-07 |
|  45   |  39   |  144  | -5.5047e+00 | 7.04e+00 | 2.72e-06 | 1.19e-07 |
|  46   |  40   |  147  | -5.5047e+00 | 7.04e+00 | 1.04e-06 | 5.97e-08 |
|  47   |  40   |  147  | -5.5047e+00 | 3.52e+01 | 4.67e-06 | 5.97e-08 |
|  48   |  41   |  151  | -5.5047e+00 | 3.52e+01 | 1.78e-06 | 3.04e-08 |
|  49   |  42   |  155  | -5.5047e+00 | 3.52e+01 | 6.12e-07 | 1.55e-08 |
|  50   |  43   |  157  | -5.5047e+00 | 3.52e+01 | 5.11e-07 | 7.81e-09 |
|  51   |  44   |  160  | -5.5047e+00 | 3.52e+01 | 2.26e-07 | 3.93e-09 |
|  52   |  44   |  160  | -5.5047e+00 | 1.76e+02 | 1.21e-06 | 3.93e-09 |
|  53   |  45   |  164  | -5.5047e+00 | 1.76e+02 | 2.35e-07 | 2.04e-09 |
|  54   |  46   |  166  | -5.5047e+00 | 1.76e+02 | 2.18e-07 | 1.02e-09 |
|  55   |  47   |  169  | -5.5047e+00 | 1.76e+02 | 1.09e-07 | 5.16e-10 |
|  56   |  48   |  172  | -5.5047e+00 | 1.76e+02 | 7.35e-08 | 2.59e-10 |
|  57   |  49   |  176  | -5.5047e+00 | 1.76e+02 | 5.89e-08 | 1.30e-10 |
|  58   |  50   |  179  | -5.5047e+00 | 1.76e+02 | 4.51e-08 | 6.55e-11 |
|  59   |  50   |  179  | -5.5047e+00 | 8.80e+02 | 2.39e-07 | 6.55e-11 |
|  60   |  51   |  182  | -5.5047e+00 | 8.80e+02 | 4.32e-08 | 3.63e-11 |
|  61   |  52   |  183  | -5.5047e+00 | 8.80e+02 | 4.40e-08 | 1.83e-11 |
|  62   |  53   |  186  | -5.5047e+00 | 8.80e+02 | 2.47e-08 | 9.21e-12 |
|  63   |  54   |  187  | -5.5047e+00 | 8.80e+02 | 5.87e-08 | 4.67e-12 |
|  64   |  55   |  190  | -5.5047e+00 | 8.80e+02 | 3.38e-08 | 2.43e-12 |
|  65   |  56   |  193  | -5.5047e+00 | 8.80e+02 | 5.32e-08 | 1.42e-12 |
|  66   |  57   |  196  | -5.5047e+00 | 8.80e+01 | 5.32e-08 | 1.42e-12 |
|  67   |  58   |  199  | -5.5047e+00 | 8.80e+00 | 5.32e-08 | 1.42e-12 |
|  68   |  59   |  202  | -5.5047e+00 | 8.80e-01 | 5.32e-08 | 1.42e-12 |
|  69   |  60   |  204  | -5.5047e+00 | 8.80e-02 | 5.32e-08 | 1.42e-12 |
|  70   |  61   |  206  | -5.5047e+00 | 4.34e-02 | 5.32e-08 | 1.42e-12 |
|  71   |  62   |  208  | -5.5047e+00 | 1.09e-02 | 5.32e-08 | 1.42e-12 |
|  72   |  63   |  210  | -5.5047e+00 | 1.91e-03 | 5.32e-08 | 1.42e-12 |
|  73   |  64   |  213  | -5.5047e+00 | 4.25e-04 | 5.32e-08 | 1.42e-12 |
|  74   |  65   |  216  | -5.5047e+00 | 7.36e-05 | 5.32e-08 | 1.42e-12 |
|  75   |  66   |  219  | -5.5047e+00 | 2.30e-05 | 5.32e-08 | 1.42e-12 |
|  76   |  67   |  220  | -5.5047e+00 | 1.15e-05 | 5.32e-08 | 1.42e-12 |
|  77   |  68   |  221  | -5.5047e+00 | 5.74e-06 | 5.32e-08 | 1.42e-12 |
|  78   |  69   |  222  | -5.5047e+00 | 1.15e-05 | 4.57e-08 | 1.42e-12 |
|  79   |  70   |  223  | -5.5047e+00 | 1.15e-05 | 3.16e-08 | 1.43e-12 |
|  80   |  71   |  224  | -5.5047e+00 | 4.56e-06 | 3.16e-08 | 1.43e-12 |
|  81   |  72   |  225  | -5.5047e+00 | 2.28e-06 | 3.16e-08 | 1.43e-12 |
|  82   |  73   |  226  | -5.5047e+00 | 9.56e-07 | 3.16e-08 | 1.43e-12 |
|  83   |  74   |  227  | -5.5047e+00 | 3.07e-07 | 3.16e-08 | 1.43e-12 |
|  84   |  75   |  228  | -5.5047e+00 | 1.54e-07 | 3.16e-08 | 1.43e-12 |
|  85   |  76   |  229  | -5.5047e+00 | 7.24e-08 | 3.16e-08 | 1.43e-12 |
|  86   |  77   |  230  | -5.5047e+00 | 3.60e-08 | 3.16e-08 | 1.43e-12 |
|  87   |  78   |  231  | -5.5047e+00 | 1.53e-08 | 3.16e-08 | 1.43e-12 |
|  88   |  79   |  232  | -5.5047e+00 | 6.83e-09 | 3.16e-08 | 1.43e-12 |
|  89   |  80   |  232  | -5.5047e+00 | 1.00e+00 | 7.51e-08 | 1.43e-12 |
|  90   |  81   |  234  | -5.5047e+00 | 2.81e-01 | 7.51e-08 | 1.43e-12 |
|  91   |  82   |  236  | -5.5047e+00 | 8.73e-02 | 7.51e-08 | 1.43e-12 |
|  92   |  83   |  238  | -5.5047e+00 | 1.09e-02 | 7.51e-08 | 1.43e-12 |
|  93   |  84   |  241  | -5.5047e+00 | 1.09e-03 | 7.51e-08 | 1.43e-12 |
|  94   |  85   |  244  | -5.5047e+00 | 1.09e-04 | 7.51e-08 | 1.43e-12 |
|  95   |  86   |  247  | -5.5047e+00 | 6.49e-04 | 1.78e-08 | 1.60e-12 |
|  96   |  87   |  249  | -5.5047e+00 | 6.49e-05 | 1.78e-08 | 1.60e-12 |
|  97   |  88   |  251  | -5.5047e+00 | 6.49e-06 | 1.78e-08 | 1.60e-12 |
|  98   |  89   |  252  | -5.5047e+00 | 4.54e-05 | 4.72e-09 | 1.61e-12 |

`gtol` termination condition is satisfied.
Number of iterations: 98, function evaluations: 89, CG iterations: 252, optimality: 4.72e-09, constraint violation: 1.61e-12, execution time: 0.84 s.

           C         K         I         Y
0   0.950000  3.000000  0.050000  1.000000
1   0.950963  2.990000  0.070601  1.021564
2   0.966444  3.000801  0.078961  1.045406
3   0.983589  3.019746  0.086934  1.070523
4   1.002344  3.046285  0.094574  1.096918
5   1.022661  3.079933  0.101930  1.124591
6   1.044501  3.120264  0.109045  1.153546
7   1.067828  3.166904  0.115959  1.183788
8   1.092613  3.219526  0.122708  1.215321
9   1.118832  3.277843  0.129321  1.248153
10  1.146466  3.341607  0.135828  1.282294
11  1.175502  3.410603  0.142253  1.317755
12  1.205931  3.484644  0.148617  1.354548
13  1.237748  3.563568  0.154940  1.392688
14  1.270954  3.647237  0.161238  1.432193
15  1.305556  3.735530  0.167525  1.473081
16  1.341561  3.828345  0.173811  1.515372
17  1.378984  3.925588  0.180103  1.559088
18  1.417844  4.027180  0.186407  1.604252
19  1.458164  4.133044  0.192724  1.650888
20  1.499971  4.243107  0.199051  1.699022
21  1.543300  4.357296  0.205380  1.748680
22  1.588189  4.475530  0.211697  1.799886
23  1.634682  4.597717  0.217985  1.852667
24  1.682833  4.723747  0.224214  1.907047
25  1.720375  4.853486  0.242674  1.963049

W=5.45342753698953
