      Solver Status  Model Status  Objective  ...  Model Type   Solver Solver Time
0  NormalCompletion  OptimalLocal   5.453428  ...         NLP  CONOPT4       0.047

[1 rows x 8 columns]

              C      Y      K      I
period0   0.950  1.000  3.000  0.050
period1   0.951  1.022  2.990  0.071
period2   0.966  1.045  3.001  0.079
period3   0.984  1.071  3.020  0.087
period4   1.002  1.097  3.046  0.095
period5   1.023  1.125  3.080  0.102
period6   1.045  1.154  3.120  0.109
period7   1.068  1.184  3.167  0.116
period8   1.093  1.215  3.220  0.123
period9   1.119  1.248  3.278  0.129
period10  1.146  1.282  3.342  0.136
period11  1.176  1.318  3.411  0.142
period12  1.206  1.355  3.485  0.149
period13  1.238  1.393  3.564  0.155
period14  1.271  1.432  3.647  0.161
period15  1.306  1.473  3.736  0.168
period16  1.342  1.515  3.828  0.174
period17  1.379  1.559  3.926  0.180
period18  1.418  1.604  4.027  0.186
period19  1.458  1.651  4.133  0.193
period20  1.500  1.699  4.243  0.199
period21  1.543  1.749  4.357  0.205
period22  1.588  1.800  4.476  0.212
period23  1.635  1.853  4.598  0.218
period24  1.683  1.907  4.724  0.224
period25  1.720  1.963  4.853  0.243
W=5.45342753712209
