a=0.7598356856515925
Optimization terminated successfully    (Exit mode 0)
            Current function value: -5.504718231267883
            Iterations: 32
            Function evaluations: 2433
            Gradient evaluations: 32

           C         K         I         Y
0   0.950000  3.000000  0.050000  1.000000
1   0.951448  2.990000  0.070116  1.021564
2   0.966905  3.000316  0.078458  1.045363
3   0.983661  3.018767  0.086775  1.070436
4   1.002540  3.045168  0.094277  1.096817
5   1.023288  3.078542  0.101176  1.124464
6   1.044920  3.118147  0.108430  1.153351
7   1.067556  3.164214  0.115981  1.183536
8   1.092118  3.216911  0.122956  1.215074
9   1.118741  3.275528  0.129192  1.247933
10  1.146629  3.339210  0.135435  1.282064
11  1.175249  3.407860  0.142241  1.317490
12  1.204902  3.481944  0.149383  1.354285
13  1.236224  3.561688  0.156280  1.392505
14  1.269503  3.646735  0.162641  1.432144
15  1.304563  3.736442  0.168608  1.473170
16  1.341105  3.830320  0.174462  1.515567
17  1.379010  3.928175  0.180335  1.559344
18  1.418337  4.029946  0.186190  1.604527
19  1.459101  4.135537  0.192036  1.651137
20  1.501039  4.244863  0.198159  1.699198
21  1.543709  4.358124  0.205054  1.748763
22  1.587217  4.476015  0.212718  1.799935
23  1.633400  4.599213  0.219417  1.852818
24  1.683621  4.726646  0.223718  1.907339
25  1.720494  4.855831  0.242792  1.963286

W=5.453424936880332
