
--- Job WolfGoatCabbage.gms Start 03/24/25 12:59:44 48.4.0 d74fe9ea WEX-WEI x86 64bit/MS Windows
--- Applying:
    C:\GAMS\48\gmsprmNT.txt
    C:\Users\erwin\Documents\GAMS\gamsconfig.yaml
--- GAMS Parameters defined
    MIP CPLEX
    Input C:\Users\erwin\Projects\blog\goat\WolfGoatCabbage.gms
    PageWidth 130
    PageSize 0
    ScrDir C:\Users\erwin\Projects\blog\goat\225a\
    SysDir C:\GAMS\48\
    LogOption 3
    ErrMsg 1
    ErrorLog 99
    IDE 1
    LstTitleLeftAligned 1
Licensee: Eval License                                   S241129|0002CO-GEN
          Amsterdam Optimization Modeling Group,                     DCE378
          C:\Users\erwin\Documents\GAMS\gamslice.txt
          License Admin: Erwin Kalvelagen, info@amsterdamoptimization.com  
          Evaluation license: Not for commercial or production use
          The expiration date of time-limited license is Dec 24, 2025
Processor information: 1 socket(s), 8 core(s), and 16 thread(s) available
GAMS 48.4.0   Copyright (C) 1987-2024 GAMS Development. All rights reserved
--- Starting compilation
--- WolfGoatCabbage.gms(166) 3 Mb
--- Starting execution: elapsed 0:00:00.005
--- WolfGoatCabbage.gms(105) 4 Mb
--- Generating MIP model m
--- WolfGoatCabbage.gms(108) 4 Mb
---   140 rows  101 columns  393 non-zeroes
---   100 discrete-columns
--- Range statistics (absolute non-zero finite values)
--- RHS       [min, max] : [ 1.000E+00, 2.000E+00] - Zero values observed as well
--- Bound     [min, max] : [ 1.000E+00, 1.000E+00] - Zero values observed as well
--- Matrix    [min, max] : [ 1.000E+00, 1.000E+00]
--- Executing CPLEX (Solvelink=2): elapsed 0:00:00.009

IBM ILOG CPLEX   48.4.0 d74fe9ea Nov 27, 2024          WEI x86 64bit/MS Window

--- GAMS/CPLEX licensed for continuous and discrete problems.
--- GMO setup time: 0.00s
--- GMO memory 0.53 Mb (peak 0.53 Mb)
--- Dictionary memory 0.00 Mb
--- Cplex 22.1.1.0 link memory 0.00 Mb (peak 0.02 Mb)
--- Starting Cplex

Version identifier: 22.1.1.0 | 2022-11-27 | 9160aff4d
CPXPARAM_Advance                                 0
CPXPARAM_MIP_Display                             4
CPXPARAM_MIP_Pool_Capacity                       0
CPXPARAM_MIP_Tolerances_AbsMIPGap                0
Generic callback                                 0x50
Tried aggregator 3 times.
MIP Presolve eliminated 48 rows and 30 columns.
MIP Presolve modified 13 coefficients.
Aggregator did 18 substitutions.
Reduced MIP has 73 rows, 53 columns, and 197 nonzeros.
Reduced MIP has 53 binaries, 0 generals, 0 SOSs, and 0 indicators.
Presolve time = 0.00 sec. (0.42 ticks)
Found incumbent of value 2.000000 after 0.00 sec. (0.70 ticks)
Probing fixed 14 vars, tightened 0 bounds.
Probing changed sense of 4 constraints.
Probing time = 0.00 sec. (0.13 ticks)
Tried aggregator 2 times.
MIP Presolve eliminated 59 rows and 36 columns.
MIP Presolve modified 5 coefficients.
Aggregator did 4 substitutions.
Reduced MIP has 10 rows, 13 columns, and 33 nonzeros.
Reduced MIP has 13 binaries, 0 generals, 0 SOSs, and 0 indicators.
Presolve time = 0.00 sec. (0.15 ticks)
Probing time = 0.00 sec. (0.01 ticks)
Tried aggregator 1 time.
Detecting symmetries...
MIP Presolve eliminated 1 rows and 0 columns.
Reduced MIP has 9 rows, 13 columns, and 29 nonzeros.
Reduced MIP has 13 binaries, 0 generals, 0 SOSs, and 0 indicators.
Presolve time = 0.00 sec. (0.02 ticks)
Probing time = 0.00 sec. (0.01 ticks)
Clique table members: 15.
MIP emphasis: balance optimality and feasibility.
MIP search method: dynamic search.
Parallel mode: deterministic, using up to 16 threads.
Parallel mode: deterministic, using up to 3 threads for parallel tasks at root LP.
Tried aggregator 1 time.
No LP presolve or aggregator reductions.
Presolve time = 0.00 sec. (0.00 ticks)
Initializing dual steep norms . . .

Iteration log . . .
Iteration:     1   Dual objective     =             6.000000
Root relaxation solution time = 0.00 sec. (0.01 ticks)

        Nodes                                         Cuts/
   Node  Left     Objective  IInf  Best Integer    Best Bound    ItCnt     Gap

*     0+    0                            2.0000        6.0000           200.00%
Found incumbent of value 2.000000 after 0.00 sec. (1.09 ticks)
*     0+    0                            4.0000        6.0000            50.00%
Found incumbent of value 4.000000 after 0.00 sec. (1.10 ticks)
      0     0        cutoff              4.0000        4.0000        3    0.00%
      0     0        cutoff              4.0000        4.0000        3    0.00%
Elapsed time = 0.00 sec. (1.11 ticks, tree = 0.01 MB)

Root node processing (before b&c):
  Real time             =    0.00 sec. (1.11 ticks)
Parallel b&c, 16 threads:
  Real time             =    0.00 sec. (0.00 ticks)
  Sync time (average)   =    0.00 sec.
  Wait time (average)   =    0.00 sec.
                          ------------
Total (root+branch&cut) =    0.00 sec. (1.11 ticks)

--- MIP status (101): integer optimal solution.
--- Cplex Time: 0.00sec (det. 1.11 ticks)

--- Returning a primal only solution to GAMS (marginals all set to NA).
--- Fixing integer variables and solving final LP...

Version identifier: 22.1.1.0 | 2022-11-27 | 9160aff4d
CPXPARAM_Advance                                 2
CPXPARAM_MIP_Display                             4
CPXPARAM_MIP_Pool_Capacity                       0
CPXPARAM_MIP_Tolerances_AbsMIPGap                0
Tried aggregator 1 time.
LP Presolve eliminated 139 rows and 101 columns.
All rows and columns eliminated.
Presolve time = 0.00 sec. (0.06 ticks)

--- Fixed MIP status (1): optimal.
--- Cplex Time: 0.02sec (det. 0.10 ticks)


Proven optimal solution
MIP Solution:            4.000000    (3 iterations, 0 nodes)
Final Solve:             4.000000    (0 iterations)

Best possible:           4.000000
Absolute gap:            0.000000
Relative gap:            0.000000

--- Reading solution for model m
--- Executing after solve: elapsed 0:00:00.053
--- WolfGoatCabbage.gms(157) 4 Mb
--- Generating MIP model m2
--- WolfGoatCabbage.gms(158) 4 Mb
---   141 rows  101 columns  423 non-zeroes
---   100 discrete-columns
--- Range statistics (absolute non-zero finite values)
--- RHS       [min, max] : [ 1.000E+00, 4.000E+00] - Zero values observed as well
--- Bound     [min, max] : [ 1.000E+00, 4.000E+00] - Zero values observed as well
--- Matrix    [min, max] : [ 1.000E+00, 1.000E+00]
--- Executing CPLEX (Solvelink=2): elapsed 0:00:00.055

IBM ILOG CPLEX   48.4.0 d74fe9ea Nov 27, 2024          WEI x86 64bit/MS Window

--- GAMS/CPLEX licensed for continuous and discrete problems.
--- GMO setup time: 0.00s
--- GMO memory 0.53 Mb (peak 0.53 Mb)
--- Dictionary memory 0.00 Mb
--- Cplex 22.1.1.0 link memory 0.00 Mb (peak 0.02 Mb)
--- Starting Cplex

Version identifier: 22.1.1.0 | 2022-11-27 | 9160aff4d
CPXPARAM_Advance                                 0
CPXPARAM_MIP_Display                             4
CPXPARAM_MIP_Pool_Capacity                       0
CPXPARAM_MIP_Tolerances_AbsMIPGap                0
Generic callback                                 0x50
Tried aggregator 3 times.
MIP Presolve eliminated 48 rows and 30 columns.
MIP Presolve modified 24 coefficients.
Aggregator did 18 substitutions.
Reduced MIP has 75 rows, 54 columns, and 217 nonzeros.
Reduced MIP has 54 binaries, 0 generals, 0 SOSs, and 0 indicators.
Presolve time = 0.00 sec. (0.58 ticks)
Found incumbent of value 4.000000 after 0.00 sec. (0.92 ticks)

Root node processing (before b&c):
  Real time             =    0.00 sec. (0.92 ticks)
Parallel b&c, 16 threads:
  Real time             =    0.00 sec. (0.00 ticks)
  Sync time (average)   =    0.00 sec.
  Wait time (average)   =    0.00 sec.
                          ------------
Total (root+branch&cut) =    0.00 sec. (0.92 ticks)

--- MIP status (101): integer optimal solution.
--- Cplex Time: 0.00sec (det. 0.92 ticks)

--- Returning a primal only solution to GAMS (marginals all set to NA).
--- Fixing integer variables and solving final LP...

Version identifier: 22.1.1.0 | 2022-11-27 | 9160aff4d
CPXPARAM_Advance                                 2
CPXPARAM_MIP_Display                             4
CPXPARAM_MIP_Pool_Capacity                       0
CPXPARAM_MIP_Tolerances_AbsMIPGap                0
Tried aggregator 1 time.
LP Presolve eliminated 141 rows and 102 columns.
All rows and columns eliminated.
Presolve time = 0.00 sec. (0.06 ticks)

--- Fixed MIP status (1): optimal.
--- Cplex Time: 0.00sec (det. 0.10 ticks)


Proven optimal solution
MIP Solution:            4.000000    (0 iterations, 0 nodes)
Final Solve:             4.000000    (0 iterations)

Best possible:           4.000000
Absolute gap:            0.000000
Relative gap:            0.000000

--- Reading solution for model m2
--- Executing after solve: elapsed 0:00:00.087
--- WolfGoatCabbage.gms(164) 4 Mb
--- Generating MIP model m2
--- WolfGoatCabbage.gms(165) 4 Mb
---   142 rows  101 columns  453 non-zeroes
---   100 discrete-columns
--- Range statistics (absolute non-zero finite values)
--- RHS       [min, max] : [ 1.000E+00, 4.000E+00] - Zero values observed as well
--- Bound     [min, max] : [ 1.000E+00, 4.000E+00] - Zero values observed as well
--- Matrix    [min, max] : [ 1.000E+00, 1.000E+00]
--- Executing CPLEX (Solvelink=2): elapsed 0:00:00.089

IBM ILOG CPLEX   48.4.0 d74fe9ea Nov 27, 2024          WEI x86 64bit/MS Window

--- GAMS/CPLEX licensed for continuous and discrete problems.
--- GMO setup time: 0.00s
--- GMO memory 0.53 Mb (peak 0.53 Mb)
--- Dictionary memory 0.00 Mb
--- Cplex 22.1.1.0 link memory 0.00 Mb (peak 0.02 Mb)
--- Starting Cplex

Version identifier: 22.1.1.0 | 2022-11-27 | 9160aff4d
CPXPARAM_Advance                                 0
CPXPARAM_MIP_Display                             4
CPXPARAM_MIP_Pool_Capacity                       0
CPXPARAM_MIP_Tolerances_AbsMIPGap                0
Generic callback                                 0x50
Tried aggregator 3 times.
MIP Presolve eliminated 48 rows and 30 columns.
MIP Presolve modified 38 coefficients.
Aggregator did 18 substitutions.
Reduced MIP has 76 rows, 54 columns, and 228 nonzeros.
Reduced MIP has 54 binaries, 0 generals, 0 SOSs, and 0 indicators.
Presolve time = 0.00 sec. (0.60 ticks)

Root node processing (before b&c):
  Real time             =    0.00 sec. (1.61 ticks)
Parallel b&c, 16 threads:
  Real time             =    0.00 sec. (0.00 ticks)
  Sync time (average)   =    0.00 sec.
  Wait time (average)   =    0.00 sec.
                          ------------
Total (root+branch&cut) =    0.00 sec. (1.61 ticks)

--- MIP status (103): integer infeasible.
--- Cplex Time: 0.00sec (det. 1.61 ticks)

CPLEX Error  1217: No solution exists.
--- Problem is integer infeasible
--- Reading solution for model m2
--- Executing after solve: elapsed 0:00:00.127
--- WolfGoatCabbage.gms(166) 4 Mb
*** Status: Normal completion
--- Job WolfGoatCabbage.gms Stop 03/24/25 12:59:45 elapsed 0:00:00.128
