
--- Job WolfGoatCabbage2.gms Start 03/21/25 18:42:02 48.4.0 d74fe9ea WEX-WEI x86 64bit/MS Windows
--- Applying:
    C:\GAMS\48\gmsprmNT.txt
    C:\Users\erwin\Documents\GAMS\gamsconfig.yaml
--- GAMS Parameters defined
    MIP CPLEX
    Input C:\Users\erwin\Projects\blog\goat\WolfGoatCabbage2.gms
    PageWidth 130
    PageSize 0
    ScrDir C:\Users\erwin\Projects\blog\goat\225a\
    SysDir C:\GAMS\48\
    LogOption 3
    ErrMsg 1
    ErrorLog 99
    IDE 1
    GDX C:\Users\erwin\Projects\blog\goat\x.gdx
    LstTitleLeftAligned 1
Licensee: Eval License                                   S241129|0002CO-GEN
          Amsterdam Optimization Modeling Group,                     DCE378
          C:\Users\erwin\Documents\GAMS\gamslice.txt
          License Admin: Erwin Kalvelagen, info@amsterdamoptimization.com  
          Evaluation license: Not for commercial or production use
          The expiration date of time-limited license is Dec 24, 2025
Processor information: 1 socket(s), 8 core(s), and 16 thread(s) available
GAMS 48.4.0   Copyright (C) 1987-2024 GAMS Development. All rights reserved
--- Starting compilation
--- WolfGoatCabbage2.gms(188) 3 Mb
--- Starting execution: elapsed 0:00:00.019
--- WolfGoatCabbage2.gms(133) 4 Mb
--- Generating RMIP model shortestpath
--- WolfGoatCabbage2.gms(159) 4 Mb
---   11 rows  21 columns  61 non-zeroes
---   20 discrete-columns
--- Range statistics (absolute non-zero finite values)
--- RHS       [min, max] : [ 1.000E+00, 1.000E+00] - Zero values observed as well
--- Bound     [min, max] : [ 1.000E+00, 1.000E+00] - Zero values observed as well
--- Matrix    [min, max] : [ 1.000E+00, 1.000E+00]
--- Executing CPLEX (Solvelink=2): elapsed 0:00:00.024

IBM ILOG CPLEX   48.4.0 d74fe9ea Nov 27, 2024          WEI x86 64bit/MS Window

--- GAMS/CPLEX licensed for continuous and discrete problems.
--- GMO setup time: 0.00s
--- GMO memory 0.50 Mb (peak 0.50 Mb)
--- Dictionary memory 0.00 Mb
--- Cplex 22.1.1.0 link memory 0.00 Mb (peak 0.00 Mb)
--- Starting Cplex

Version identifier: 22.1.1.0 | 2022-11-27 | 9160aff4d
CPXPARAM_Advance                                 0
CPXPARAM_Simplex_Display                         2
CPXPARAM_MIP_Display                             4
CPXPARAM_MIP_Pool_Capacity                       0
CPXPARAM_MIP_Tolerances_AbsMIPGap                0
Tried aggregator 1 time.
LP Presolve eliminated 6 rows and 17 columns.
Aggregator did 4 substitutions.
All rows and columns eliminated.
Presolve time = 0.00 sec. (0.01 ticks)

--- LP status (1): optimal.
--- Cplex Time: 0.00sec (det. 0.02 ticks)


Optimal solution found
Objective:            7.000000

--- Reading solution for model shortestpath
--- Executing after solve: elapsed 0:00:00.051
--- WolfGoatCabbage2.gms(188) 4 Mb
--- GDX File C:\Users\erwin\Projects\blog\goat\x.gdx
*** Status: Normal completion
--- Job WolfGoatCabbage2.gms Stop 03/21/25 18:42:02 elapsed 0:00:00.051
