--- Job MIPSort.gms Start 12/01/25 11:50:35 51.1.0 2d039df5 WEX-WEI x86 64bit/MS Windows
--- Applying:
    C:\gams\51\gmsprmNT.txt
    C:\Users\erwin\Documents\GAMS\gamsconfig.yaml
--- GAMS Parameters defined
    MIP CPLEX
    Input "C:\projects\OptimizationModels\Sorting and Swaps\MIPSort.gms"
    PageWidth 130
    ScrDir "C:\projects\OptimizationModels\Sorting and Swaps\225a\"
    SysDir C:\gams\51\
    LogOption 2
    LogFile "C:\projects\OptimizationModels\Sorting and Swaps\MIPSort.log"
    AppendLog 1
Licensee: Eval License                                   G250902+0003Cc-GEN
          Amsterdam Optimization Modeling Group                     DCE4744
          225a\gamslice.dat
          node:23592203 mem:64 cores:8 ipport:49618 v:2                    
          Evaluation license: Not for commercial or production use
          The expiration date of time-limited license is Dec 31, 2025
System information: 8 physical cores and 64 Gb physical memory detected
GAMS 51.1.0   Copyright (C) 1987-2025 GAMS Development. All rights reserved
--- Starting compilation
--- MIPSort.gms(112) 3 Mb
--- Starting execution: elapsed 0:00:00.033
--- MIPSort.gms(60) 4 Mb
--- Generating MIP model sort
--- MIPSort.gms(105) 5 Mb
---   2,122 rows  222 columns  8,321 non-zeroes
---   111 discrete-columns
--- Range statistics (absolute non-zero finite values)
--- RHS       [min, max] : [ 3.000E+00, 3.000E+01] - Zero values observed as well
--- Bound     [min, max] : [ 1.000E+00, 4.000E+00] - Zero values observed as well
--- Matrix    [min, max] : [ 1.000E+00, 3.000E+00]
--- Executing CPLEX (Solvelink=2): elapsed 0:00:00.109

IBM ILOG CPLEX   51.1.0 2d039df5 Sep 13, 2025          WEI x86 64bit/MS Window

--- GAMS/CPLEX licensed for continuous and discrete problems.
--- GMO setup time: 0.00s
--- Space for names approximately 0.07 Mb
--- Use option 'names no' to turn use of names off
--- GMO memory 0.76 Mb (peak 0.76 Mb)
--- Dictionary memory 0.00 Mb
--- Cplex 22.1.2.0 link memory 0.03 Mb (peak 0.20 Mb)
--- Starting Cplex

Version identifier: 22.1.2.0 | 2024-11-25 | 0edbb82fd
CPXPARAM_Advance                                 0
CPXPARAM_MIP_Display                             4
CPXPARAM_MIP_Pool_Capacity                       0
CPXPARAM_MIP_Tolerances_AbsMIPGap                0
Generic callback                                 0x50
Found incumbent of value 10.000000 after 0.00 sec. (0.27 ticks)
Tried aggregator 1 time.
MIP Presolve eliminated 62 rows and 13 columns.
MIP Presolve modified 302 coefficients.
Reduced MIP has 2059 rows, 209 columns, and 7895 nonzeros.
Reduced MIP has 109 binaries, 0 generals, 0 SOSs, and 0 indicators.
Presolve time = 0.00 sec. (2.98 ticks)
Probing time = 0.01 sec. (1.39 ticks)
Tried aggregator 1 time.
Detecting symmetries...
Reduced MIP has 2059 rows, 209 columns, and 7895 nonzeros.
Reduced MIP has 109 binaries, 0 generals, 0 SOSs, and 0 indicators.
Presolve time = 0.00 sec. (3.60 ticks)
Probing time = 0.00 sec. (1.39 ticks)
Clique table members: 486.
MIP emphasis: balance optimality and feasibility.
MIP search method: dynamic search.
Parallel mode: deterministic, using up to 16 threads.
Parallel mode: deterministic, using up to 3 threads for parallel tasks at root LP.
Parallel mode: deterministic, using up to 13 threads for concurrent optimization:
 * Starting dual Simplex on 1 thread...
 * Starting Barrier on 11 threads...
 * Starting primal Simplex on 1 thread...
Tried aggregator 1 time.
No LP presolve or aggregator reductions.
Presolve time = 0.02 sec. (0.78 ticks)
Initializing dual steep norms . . .

Iteration log . . .
Iteration:     1   Dual objective     =             1.000000
Perturbation started.
Iteration:    51   Dual objective     =             1.000000
Iteration:   153   Dual objective     =             1.000050
Iteration:   259   Dual objective     =             1.159393
Iteration:   338   Dual objective     =             1.226238
Removing perturbation.

Dual simplex solved model.

Root relaxation solution time = 0.03 sec. (21.29 ticks)

        Nodes                                         Cuts/
   Node  Left     Objective  IInf  Best Integer    Best Bound    ItCnt     Gap

*     0+    0                           10.0000        1.0000            90.00%
Found incumbent of value 10.000000 after 0.05 sec. (34.71 ticks)
      0     0        1.2366    78       10.0000        1.2366      396   87.63%
      0     0        2.0000     9       10.0000    MIRcuts: 1      440   80.00%
      0     0        2.0000    10       10.0000      Cuts: 23      471   80.00%
*     0+    0                            6.0000        2.0000            66.67%
Found incumbent of value 6.000000 after 0.25 sec. (220.97 ticks)
Detecting symmetries...

Repeating presolve.
Tried aggregator 2 times.
MIP Presolve eliminated 1011 rows and 56 columns.
Aggregator did 50 substitutions.
Reduced MIP has 998 rows, 103 columns, and 3733 nonzeros.
Reduced MIP has 53 binaries, 0 generals, 0 SOSs, and 0 indicators.
Presolve time = 0.00 sec. (3.32 ticks)
Probing time = 0.00 sec. (0.32 ticks)
Tried aggregator 1 time.
Detecting symmetries...
Reduced MIP has 998 rows, 103 columns, and 3733 nonzeros.
Reduced MIP has 53 binaries, 0 generals, 0 SOSs, and 0 indicators.
Presolve time = 0.00 sec. (1.74 ticks)
Represolve time = 0.00 sec. (6.04 ticks)
Probing time = 0.00 sec. (0.31 ticks)
Clique table members: 63.
MIP emphasis: balance optimality and feasibility.
MIP search method: dynamic search.
Parallel mode: deterministic, using up to 16 threads.
Parallel mode: deterministic, using up to 16 threads for concurrent optimization:
 * Starting dual Simplex on 1 thread...
 * Starting Barrier on 14 threads...
 * Starting primal Simplex on 1 thread...
Tried aggregator 1 time.
No LP presolve or aggregator reductions.
Presolve time = 0.00 sec. (0.37 ticks)
Initializing dual steep norms . . .

Iteration log . . .
Iteration:     1   Dual objective     =             2.000000
Perturbation started.
Iteration:    51   Dual objective     =             2.000000
Iteration:   116   Dual objective     =             2.000019
Removing perturbation.

Dual simplex solved model.

Root relaxation solution time = 0.00 sec. (4.30 ticks)

        Nodes                                         Cuts/
   Node  Left     Objective  IInf  Best Integer    Best Bound    ItCnt     Gap

*     0+    0                            6.0000        2.0000            66.67%
Found incumbent of value 6.000000 after 0.28 sec. (245.88 ticks)
      0     0        2.0000    14        6.0000        2.0000      596   66.67%
      0     0        2.0000    11        6.0000      Cuts: 10      625   66.67%
      0     0        2.0000    15        6.0000      Cuts: 21      690   66.67%
      0     0        2.0000    12        6.0000    MIRcuts: 1      700   66.67%
      0     0        2.0033    14        6.0000      Cuts: 13      775   66.61%
      0     0        3.0000    11        6.0000       Cuts: 9      814   50.00%
Detecting symmetries...
      0     0        3.0000    12        6.0000    MIRcuts: 6      823   50.00%
Detecting symmetries...
      0     2        3.0000     7        6.0000        3.0000      823   50.00%
Elapsed time = 0.42 sec. (342.07 ticks, tree = 0.02 MB)
*  1643+  965                            5.0000        3.0000            40.00%
                                                     Cuts: 13                  
Found incumbent of value 5.000000 after 0.58 sec. (478.95 ticks)
   2975   853        3.0000    11        5.0000        3.0000    89776   40.00%
                                                      Cuts: 3                  

Flow cuts applied:  11
Mixed integer rounding cuts applied:  13

Root node processing (before b&c):
  Real time             =    0.42 sec. (341.67 ticks)
Parallel b&c, 16 threads:
  Real time             =    0.58 sec. (470.24 ticks)
  Sync time (average)   =    0.20 sec.
  Wait time (average)   =    0.00 sec.
                          ------------
Total (root+branch&cut) =    1.00 sec. (811.91 ticks)

--- MIP status (101): integer optimal solution.
--- Cplex Time: 1.00sec (det. 811.91 ticks)

--- Returning a primal only solution to GAMS (marginals all set to NA).
--- Fixing integer variables and solving final LP...

Version identifier: 22.1.2.0 | 2024-11-25 | 0edbb82fd
CPXPARAM_Advance                                 2
CPXPARAM_MIP_Display                             4
CPXPARAM_MIP_Pool_Capacity                       0
CPXPARAM_MIP_Tolerances_AbsMIPGap                0
Tried aggregator 1 time.
LP Presolve eliminated 2121 rows and 222 columns.
All rows and columns eliminated.
Presolve time = 0.00 sec. (0.86 ticks)

--- Fixed MIP status (1): optimal.
--- Cplex Time: 0.00sec (det. 1.49 ticks)


Proven optimal solution
MIP Solution:            5.000000    (203654 iterations, 5330 nodes)
Final Solve:             5.000000    (0 iterations)

Best possible:           5.000000
Absolute gap:            0.000000
Relative gap:            0.000000

--- Reading solution for model sort
--- Executing after solve: elapsed 0:00:01.340
--- MIPSort.gms(111) 5 Mb
*** Status: Normal completion
--- Job MIPSort.gms Stop 12/01/25 11:50:36 elapsed 0:00:01.340
