--- Job ShortestPath.gms Start 11/20/25 09:46:39 51.1.0 2d039df5 WEX-WEI x86 64bit/MS Windows
--- Applying:
    C:\gams\51\gmsprmNT.txt
    C:\Users\erwin\Documents\GAMS\gamsconfig.yaml
--- GAMS Parameters defined
    MIP CPLEX
    Input "C:\projects\OptimizationModels\Sorting and Swaps\ShortestPath.gms"
    PageWidth 130
    ScrDir "C:\projects\OptimizationModels\Sorting and Swaps\225a\"
    SysDir C:\gams\51\
    LogOption 2
    LogFile "C:\projects\OptimizationModels\Sorting and Swaps\ShortestPath.log"
    AppendLog 1
Licensee: Eval License                                   G250902+0003Cc-GEN
          Amsterdam Optimization Modeling Group                     DCE4744
          225a\gamslice.dat
          node:23592203 mem:64 cores:8 ipport:61705 v:2                    
          Evaluation license: Not for commercial or production use
          The expiration date of time-limited license is Dec 31, 2025
System information: 8 physical cores and 64 Gb physical memory detected
GAMS 51.1.0   Copyright (C) 1987-2025 GAMS Development. All rights reserved
--- Starting compilation
--- ShortestPath.gms(17) 2 Mb
--- . networkdata.inc(74556) 15 Mb
--- ShortestPath.gms(82) 15 Mb
--- Starting execution: elapsed 0:00:00.238
--- ShortestPath.gms(74618) 16 Mb
--- Generating LP model spath
--- ShortestPath.gms(74619) 142 Mb
---   12,601 rows  441,001 columns  1,323,001 non-zeroes
--- Range statistics (absolute non-zero finite values)
--- RHS       [min, max] : [ 1.000E+00, 1.000E+00] - Zero values observed as well
--- Bound     [min, max] : [        NA,        NA] - Zero values observed as well
--- Matrix    [min, max] : [ 1.000E+00, 1.000E+00]
--- Executing CPLEX (Solvelink=2): elapsed 0:00:00.703

IBM ILOG CPLEX   51.1.0 2d039df5 Sep 13, 2025          WEI x86 64bit/MS Window

--- GAMS/CPLEX licensed for continuous and discrete problems.
--- GMO setup time: 0.00s
--- Space for names approximately 14.20 Mb
--- Use option 'names no' to turn use of names off
--- GMO memory 114.55 Mb (peak 117.91 Mb)
--- Dictionary memory 0.00 Mb
--- Cplex 22.1.2.0 link memory 8.56 Mb (peak 41.28 Mb)
--- Starting Cplex

Version identifier: 22.1.2.0 | 2024-11-25 | 0edbb82fd
CPXPARAM_Advance                                 0
CPXPARAM_MIP_Display                             4
CPXPARAM_MIP_Pool_Capacity                       0
CPXPARAM_MIP_Tolerances_AbsMIPGap                0
Parallel mode: deterministic, using up to 16 threads for concurrent optimization:
 * Starting dual Simplex on 1 thread...
 * Starting Barrier on 13 threads...
 * Starting primal Simplex on 1 thread...
 * Starting Sifting on 1 thread...
Tried aggregator 1 time.
LP Presolve eliminated 0 rows and 1 columns.
Reduced LP has 12600 rows, 441000 columns, and 882000 nonzeros.
Presolve time = 0.55 sec. (335.74 ticks)
Symmetry aggregator did 428762 additional substitutions.

Iteration log . . .
Iteration:     1   Dual objective     =             1.000000
Iteration:    87   Dual objective     =             4.000000
Iteration:   169   Dual objective     =             4.000000

Dual crossover.
  Dual:  Fixing 496 variables.
      495 DMoves:  Infeasibility  0.00000000e+00  Objective  5.00000000e+00
        0 DMoves:  Infeasibility  0.00000000e+00  Objective  5.00000000e+00
  Dual:  Pushed 0, exchanged 496.
  Primal:  Fixing 35 variables.
       34 PMoves:  Infeasibility  0.00000000e+00  Objective  5.00000000e+00
        0 PMoves:  Infeasibility  0.00000000e+00  Objective  5.00000000e+00
  Primal:  Pushed 27, exchanged 8.

Dual simplex solved model.


--- LP status (1): optimal.
--- Cplex Time: 0.84sec (det. 535.09 ticks)


Optimal solution found
Objective:            5.000000

--- Reading solution for model spath
--- Executing after solve: elapsed 0:00:02.167
--- ShortestPath.gms(74638) 142 Mb
*** Status: Normal completion
--- Job ShortestPath.gms Stop 11/20/25 09:46:41 elapsed 0:00:02.187
